Archive member included to satisfy reference by file (symbol)

/usr/lib/gcc/arm-none-eabi/12.2.1/../../../arm-none-eabi/lib/thumb/v7-m/nofp/libm.a(lib_a-s_ceil.o)
                              /home/micka/github/campusiot/RIOT-wyres/tests/driver_sx127x/bin/wyres-base/sx127x/sx127x_getset.o (ceil)
/usr/lib/gcc/arm-none-eabi/12.2.1/../../../arm-none-eabi/lib/thumb/v7-m/nofp/libm.a(lib_a-s_floor.o)
                              /home/micka/github/campusiot/RIOT-wyres/tests/driver_sx127x/bin/wyres-base/sx127x/sx127x_getset.o (floor)
/usr/lib/gcc/arm-none-eabi/12.2.1/thumb/v7-m/nofp/libgcc.a(_arm_muldf3.o)
                              /home/micka/github/campusiot/RIOT-wyres/tests/driver_sx127x/bin/wyres-base/sx127x/sx127x_getset.o (__aeabi_dmul)
/usr/lib/gcc/arm-none-eabi/12.2.1/thumb/v7-m/nofp/libgcc.a(_arm_mulsf3.o)
                              /home/micka/github/campusiot/RIOT-wyres/tests/driver_sx127x/bin/wyres-base/fmt/fmt.o (__aeabi_fmul)
/usr/lib/gcc/arm-none-eabi/12.2.1/thumb/v7-m/nofp/libgcc.a(_arm_addsubdf3.o)
                              /home/micka/github/campusiot/RIOT-wyres/tests/driver_sx127x/bin/wyres-base/sx127x/sx127x_getset.o (__aeabi_dadd)
/usr/lib/gcc/arm-none-eabi/12.2.1/thumb/v7-m/nofp/libgcc.a(_arm_muldivdf3.o)
                              /home/micka/github/campusiot/RIOT-wyres/tests/driver_sx127x/bin/wyres-base/sx127x/sx127x_getset.o (__aeabi_ddiv)
/usr/lib/gcc/arm-none-eabi/12.2.1/thumb/v7-m/nofp/libgcc.a(_arm_cmpdf2.o)
                              /home/micka/github/campusiot/RIOT-wyres/tests/driver_sx127x/bin/wyres-base/sx127x/sx127x_getset.o (__aeabi_dcmpgt)
/usr/lib/gcc/arm-none-eabi/12.2.1/thumb/v7-m/nofp/libgcc.a(_arm_fixunsdfsi.o)
                              /home/micka/github/campusiot/RIOT-wyres/tests/driver_sx127x/bin/wyres-base/sx127x/sx127x_getset.o (__aeabi_d2uiz)
/usr/lib/gcc/arm-none-eabi/12.2.1/thumb/v7-m/nofp/libgcc.a(_arm_addsubsf3.o)
                              /home/micka/github/campusiot/RIOT-wyres/tests/driver_sx127x/bin/wyres-base/fmt/fmt.o (__aeabi_fsub)
/usr/lib/gcc/arm-none-eabi/12.2.1/thumb/v7-m/nofp/libgcc.a(_arm_cmpsf2.o)
                              /home/micka/github/campusiot/RIOT-wyres/tests/driver_sx127x/bin/wyres-base/fmt/fmt.o (__aeabi_fcmplt)
/usr/lib/gcc/arm-none-eabi/12.2.1/thumb/v7-m/nofp/libgcc.a(_arm_fixunssfsi.o)
                              /home/micka/github/campusiot/RIOT-wyres/tests/driver_sx127x/bin/wyres-base/fmt/fmt.o (__aeabi_f2uiz)
/usr/lib/gcc/arm-none-eabi/12.2.1/thumb/v7-m/nofp/libgcc.a(_aeabi_ldivmod.o)
                              /home/micka/github/campusiot/RIOT-wyres/tests/driver_sx127x/bin/wyres-base/sx127x/sx127x_getset.o (__aeabi_ldivmod)
/usr/lib/gcc/arm-none-eabi/12.2.1/thumb/v7-m/nofp/libgcc.a(_aeabi_uldivmod.o)
                              /home/micka/github/campusiot/RIOT-wyres/tests/driver_sx127x/bin/wyres-base/sx127x/sx127x_getset.o (__aeabi_uldivmod)
/usr/lib/gcc/arm-none-eabi/12.2.1/thumb/v7-m/nofp/libgcc.a(_udivmoddi4.o)
                              /usr/lib/gcc/arm-none-eabi/12.2.1/thumb/v7-m/nofp/libgcc.a(_aeabi_ldivmod.o) (__udivmoddi4)
/usr/lib/gcc/arm-none-eabi/12.2.1/thumb/v7-m/nofp/libgcc.a(_dvmd_tls.o)
                              /usr/lib/gcc/arm-none-eabi/12.2.1/thumb/v7-m/nofp/libgcc.a(_aeabi_ldivmod.o) (__aeabi_ldiv0)
/usr/lib/gcc/arm-none-eabi/12.2.1/../../../arm-none-eabi/lib/thumb/v7-m/nofp/libc_nano.a(lib_a-atoi.o)
                              /home/micka/github/campusiot/RIOT-wyres/tests/driver_sx127x/bin/wyres-base/application_test-driver-sx127x/main.o (atoi)
/usr/lib/gcc/arm-none-eabi/12.2.1/../../../arm-none-eabi/lib/thumb/v7-m/nofp/libc_nano.a(lib_a-errno.o)
                              /home/micka/github/campusiot/RIOT-wyres/tests/driver_sx127x/bin/wyres-base/newlib_syscalls_default/syscalls.o (__errno)
/usr/lib/gcc/arm-none-eabi/12.2.1/../../../arm-none-eabi/lib/thumb/v7-m/nofp/libc_nano.a(lib_a-fflush.o)
                              /home/micka/github/campusiot/RIOT-wyres/tests/driver_sx127x/bin/wyres-base/fmt/fmt.o (fflush)
/usr/lib/gcc/arm-none-eabi/12.2.1/../../../arm-none-eabi/lib/thumb/v7-m/nofp/libc_nano.a(lib_a-findfp.o)
                              /home/micka/github/campusiot/RIOT-wyres/tests/driver_sx127x/bin/wyres-base/newlib_syscalls_default/syscalls.o (__sinit)
/usr/lib/gcc/arm-none-eabi/12.2.1/../../../arm-none-eabi/lib/thumb/v7-m/nofp/libc_nano.a(lib_a-fwalk.o)
                              /usr/lib/gcc/arm-none-eabi/12.2.1/../../../arm-none-eabi/lib/thumb/v7-m/nofp/libc_nano.a(lib_a-findfp.o) (_fwalk)
/usr/lib/gcc/arm-none-eabi/12.2.1/../../../arm-none-eabi/lib/thumb/v7-m/nofp/libc_nano.a(lib_a-impure.o)
                              /usr/lib/gcc/arm-none-eabi/12.2.1/../../../arm-none-eabi/lib/thumb/v7-m/nofp/libc_nano.a(lib_a-fflush.o) (_global_impure_ptr)
/usr/lib/gcc/arm-none-eabi/12.2.1/../../../arm-none-eabi/lib/thumb/v7-m/nofp/libc_nano.a(lib_a-init.o)
[...]
Memory Configuration

Name             Origin             Length             Attributes
ccmram           0x0000000010000000 0x0000000000000000
sram4            0x0000000000000000 0x0000000000000000
fmcram           0x0000000000000000 0x0000000000000000
rom              0x0000000008000000 0x0000000000040000 xr
ram              0x0000000020000000 0x0000000000008000 w !xr
bkup_ram         0x0000000000000000 0x0000000000000000 w !xr
rom_aux          0x0000000008040000 0x0000000000000000 xr
*default*        0x0000000000000000 0xffffffffffffffff

Linker script and memory map

LOAD /home/micka/github/campusiot/RIOT-wyres/tests/driver_sx127x/bin/wyres-base/application_test-driver-sx127x/main.o
LOAD /home/micka/github/campusiot/RIOT-wyres/tests/driver_sx127x/bin/wyres-base/auto_init/auto_init.o
LOAD /home/micka/github/campusiot/RIOT-wyres/tests/driver_sx127x/bin/wyres-base/board/board.o
LOAD /home/micka/github/campusiot/RIOT-wyres/tests/driver_sx127x/bin/wyres-base/board_common_init/board_common.o
LOAD /home/micka/github/campusiot/RIOT-wyres/tests/driver_sx127x/bin/wyres-base/core/cond.o
LOAD /home/micka/github/campusiot/RIOT-wyres/tests/driver_sx127x/bin/wyres-base/core_lib/assert.o
LOAD /home/micka/github/campusiot/RIOT-wyres/tests/driver_sx127x/bin/wyres-base/core_lib/atomic_c11.o
LOAD /home/micka/github/campusiot/RIOT-wyres/tests/driver_sx127x/bin/wyres-base/core_lib/atomic_sync.o
LOAD /home/micka/github/campusiot/RIOT-wyres/tests/driver_sx127x/bin/wyres-base/core_lib/bitarithm.o
LOAD /home/micka/github/campusiot/RIOT-wyres/tests/driver_sx127x/bin/wyres-base/core_lib/clist.o
LOAD /home/micka/github/campusiot/RIOT-wyres/tests/driver_sx127x/bin/wyres-base/core_lib/init.o
LOAD /home/micka/github/campusiot/RIOT-wyres/tests/driver_sx127x/bin/wyres-base/core_lib/panic.o
LOAD /home/micka/github/campusiot/RIOT-wyres/tests/driver_sx127x/bin/wyres-base/core_lib/priority_queue.o
LOAD /home/micka/github/campusiot/RIOT-wyres/tests/driver_sx127x/bin/wyres-base/core_lib/ringbuffer.o
LOAD /home/micka/github/campusiot/RIOT-wyres/tests/driver_sx127x/bin/wyres-base/core_lib/rmutex.o
LOAD /home/micka/github/campusiot/RIOT-wyres/tests/driver_sx127x/bin/wyres-base/core/msg.o
LOAD /home/micka/github/campusiot/RIOT-wyres/tests/driver_sx127x/bin/wyres-base/core/mutex.o
LOAD /home/micka/github/campusiot/RIOT-wyres/tests/driver_sx127x/bin/wyres-base/core/sched.o
LOAD /home/micka/github/campusiot/RIOT-wyres/tests/driver_sx127x/bin/wyres-base/core/thread.o
LOAD /home/micka/github/campusiot/RIOT-wyres/tests/driver_sx127x/bin/wyres-base/cortexm_common/cortexm_init.o
LOAD /home/micka/github/campusiot/RIOT-wyres/tests/driver_sx127x/bin/wyres-base/cortexm_common/mpu.o
LOAD /home/micka/github/campusiot/RIOT-wyres/tests/driver_sx127x/bin/wyres-base/cortexm_common/panic.o
LOAD /home/micka/github/campusiot/RIOT-wyres/tests/driver_sx127x/bin/wyres-base/cortexm_common_periph/pm.o
LOAD /home/micka/github/campusiot/RIOT-wyres/tests/driver_sx127x/bin/wyres-base/cortexm_common/thread_arch.o
LOAD /home/micka/github/campusiot/RIOT-wyres/tests/driver_sx127x/bin/wyres-base/cortexm_common/vectors_cortexm.o
LOAD /home/micka/github/campusiot/RIOT-wyres/tests/driver_sx127x/bin/wyres-base/cpu/cpu_common.o
LOAD /home/micka/github/campusiot/RIOT-wyres/tests/driver_sx127x/bin/wyres-base/cpu/cpu_init.o
LOAD /home/micka/github/campusiot/RIOT-wyres/tests/driver_sx127x/bin/wyres-base/div/div.o
LOAD /home/micka/github/campusiot/RIOT-wyres/tests/driver_sx127x/bin/wyres-base/fmt/fmt.o
LOAD /home/micka/github/campusiot/RIOT-wyres/tests/driver_sx127x/bin/wyres-base/frac/frac.o
LOAD /home/micka/github/campusiot/RIOT-wyres/tests/driver_sx127x/bin/wyres-base/iolist/iolist.o
LOAD /home/micka/github/campusiot/RIOT-wyres/tests/driver_sx127x/bin/wyres-base/libc/string.o
LOAD /home/micka/github/campusiot/RIOT-wyres/tests/driver_sx127x/bin/wyres-base/lpsxxx/lpsxxx.o
LOAD /home/micka/github/campusiot/RIOT-wyres/tests/driver_sx127x/bin/wyres-base/malloc_thread_safe/malloc_wrappers.o
LOAD /home/micka/github/campusiot/RIOT-wyres/tests/driver_sx127x/bin/wyres-base/newlib_syscalls_default/syscalls.o
LOAD /home/micka/github/campusiot/RIOT-wyres/tests/driver_sx127x/bin/wyres-base/od/od.o
LOAD /home/micka/github/campusiot/RIOT-wyres/tests/driver_sx127x/bin/wyres-base/periph_common/gpio.o
LOAD /home/micka/github/campusiot/RIOT-wyres/tests/driver_sx127x/bin/wyres-base/periph_common/i2c.o
LOAD /home/micka/github/campusiot/RIOT-wyres/tests/driver_sx127x/bin/wyres-base/periph_common/init_leds.o
LOAD /home/micka/github/campusiot/RIOT-wyres/tests/driver_sx127x/bin/wyres-base/periph_common/init.o
LOAD /home/micka/github/campusiot/RIOT-wyres/tests/driver_sx127x/bin/wyres-base/periph_common/pm.o
LOAD /home/micka/github/campusiot/RIOT-wyres/tests/driver_sx127x/bin/wyres-base/periph_common/spi.o
LOAD /home/micka/github/campusiot/RIOT-wyres/tests/driver_sx127x/bin/wyres-base/periph_common/timer.o
LOAD /home/micka/github/campusiot/RIOT-wyres/tests/driver_sx127x/bin/wyres-base/periph/gpio_all.o
LOAD /home/micka/github/campusiot/RIOT-wyres/tests/driver_sx127x/bin/wyres-base/periph/i2c_2.o
LOAD /home/micka/github/campusiot/RIOT-wyres/tests/driver_sx127x/bin/wyres-base/periph/pm.o
LOAD /home/micka/github/campusiot/RIOT-wyres/tests/driver_sx127x/bin/wyres-base/periph/spi.o
LOAD /home/micka/github/campusiot/RIOT-wyres/tests/driver_sx127x/bin/wyres-base/periph/timer.o
LOAD /home/micka/github/campusiot/RIOT-wyres/tests/driver_sx127x/bin/wyres-base/periph/uart.o
LOAD /home/micka/github/campusiot/RIOT-wyres/tests/driver_sx127x/bin/wyres-base/pm_layered/pm.o
LOAD /home/micka/github/campusiot/RIOT-wyres/tests/driver_sx127x/bin/wyres-base/ps/ps.o
LOAD /home/micka/github/campusiot/RIOT-wyres/tests/driver_sx127x/bin/wyres-base/stdio/stdio.o
LOAD /home/micka/github/campusiot/RIOT-wyres/tests/driver_sx127x/bin/wyres-base/stdio_uart/stdio_uart.o
LOAD /home/micka/github/campusiot/RIOT-wyres/tests/driver_sx127x/bin/wyres-base/stm32_clk/stmclk_common.o
LOAD /home/micka/github/campusiot/RIOT-wyres/tests/driver_sx127x/bin/wyres-base/stm32_clk/stmclk_l0l1.o
LOAD /home/micka/github/campusiot/RIOT-wyres/tests/driver_sx127x/bin/wyres-base/stm32_vectors/STM32L151xC.o
LOAD /home/micka/github/campusiot/RIOT-wyres/tests/driver_sx127x/bin/wyres-base/sx127x/sx127x_getset.o
LOAD /home/micka/github/campusiot/RIOT-wyres/tests/driver_sx127x/bin/wyres-base/sx127x/sx127x_internal.o
LOAD /home/micka/github/campusiot/RIOT-wyres/tests/driver_sx127x/bin/wyres-base/sx127x/sx127x_netdev.o
LOAD /home/micka/github/campusiot/RIOT-wyres/tests/driver_sx127x/bin/wyres-base/sx127x/sx127x.o
LOAD /home/micka/github/campusiot/RIOT-wyres/tests/driver_sx127x/bin/wyres-base/ztimer_core/convert_frac.o
LOAD /home/micka/github/campusiot/RIOT-wyres/tests/driver_sx127x/bin/wyres-base/ztimer_core/convert.o
LOAD /home/micka/github/campusiot/RIOT-wyres/tests/driver_sx127x/bin/wyres-base/ztimer_core/convert_shift.o
LOAD /home/micka/github/campusiot/RIOT-wyres/tests/driver_sx127x/bin/wyres-base/ztimer_core/core.o
LOAD /home/micka/github/campusiot/RIOT-wyres/tests/driver_sx127x/bin/wyres-base/ztimer_core/init.o
LOAD /home/micka/github/campusiot/RIOT-wyres/tests/driver_sx127x/bin/wyres-base/ztimer_core/periodic.o
LOAD /home/micka/github/campusiot/RIOT-wyres/tests/driver_sx127x/bin/wyres-base/ztimer_core/periph_timer.o
LOAD /home/micka/github/campusiot/RIOT-wyres/tests/driver_sx127x/bin/wyres-base/ztimer_core/util.o
LOAD /usr/lib/gcc/arm-none-eabi/12.2.1/../../../arm-none-eabi/lib/thumb/v7-m/nofp/libm.a
LOAD /usr/lib/gcc/arm-none-eabi/12.2.1/thumb/v7-m/nofp/libgcc.a
                0x0000000008000000                _rom_start_addr = 0x8000000
                0x0000000020000000                _ram_start_addr = 0x20000000
                0x0000000000040000                _rom_length = 0x40000
                0x0000000000008000                _ram_length = 0x8000
LOAD /usr/lib/gcc/arm-none-eabi/12.2.1/../../../arm-none-eabi/lib/thumb/v7-m/nofp/libc_nano.a
                0x0000000000040000                _slot_aux_offset = 0x40000
                0x0000000000000000                _slot_aux_len = 0x0
START GROUP
LOAD /usr/lib/gcc/arm-none-eabi/12.2.1/thumb/v7-m/nofp/libgcc.a
LOAD /usr/lib/gcc/arm-none-eabi/12.2.1/../../../arm-none-eabi/lib/thumb/v7-m/nofp/libc_nano.a
END GROUP
START GROUP
LOAD /usr/lib/gcc/arm-none-eabi/12.2.1/thumb/v7-m/nofp/libgcc.a
LOAD /usr/lib/gcc/arm-none-eabi/12.2.1/../../../arm-none-eabi/lib/thumb/v7-m/nofp/libc_nano.a
END GROUP
                0x0000000000000000                ccmram_length = DEFINED (_ccmram_len)?_ccmram_len:0x0
                0x0000000000000000                sram4_addr = DEFINED (_sram4_length)?0x28000000:0x0
                0x0000000000000000                sram4_length = DEFINED (_sram4_length)?_sram4_length:0x0
                0x0000000000000000                fmc_ram_addr = DEFINED (_fmc_ram_addr)?_fmc_ram_addr:0x0
                0x0000000000000000                fmc_ram_len = DEFINED (_fmc_ram_len)?_fmc_ram_len:0x0

.heap2          0x0000000000000000        0x0
                0x0000000000000000                _sheap2 = ORIGIN (sram4)
                0x0000000000000000                _eheap2 = (ORIGIN (sram4) + LENGTH (sram4))

.heap4          0x0000000000000000        0x0
                0x0000000000000000                _sheap3 = ORIGIN (fmcram)
                0x0000000000000000                _eheap3 = (ORIGIN (fmcram) + LENGTH (fmcram))
                0x0000000000000000                _rom_offset = DEFINED (_rom_offset)?_rom_offset:0x0
                0x0000000000000000                _slot_aux_len = DEFINED (_slot_aux_len)?_slot_aux_len:0x0
                0x0000000000040000                _fw_rom_length = DEFINED (_fw_rom_length)?_fw_rom_length:((_rom_length - _rom_offset) - _slot_aux_len)
                0x0000000000000001                ASSERT ((_fw_rom_length <= ((_rom_length - _rom_offset) - _slot_aux_len)), Specified firmware size does not fit in ROM)
                0x0000000000000001                ASSERT ((_fw_rom_length <= _rom_length), Specified firmware size does not fit in ROM)
                0x0000000000000000                _backup_ram_start_addr = DEFINED (_backup_ram_start_addr)?_backup_ram_start_addr:0x0
                0x0000000000000000                _backup_ram_len = DEFINED (_backup_ram_len)?_backup_ram_len:0x0

.text           0x0000000008000000     0x66d0
                0x0000000008000000                . = ALIGN (0x4)
                0x0000000008000000                _sfixed = .
                0x0000000008000000                _isr_vectors = DEFINED (_isr_vectors)?_isr_vectors:.
 *(SORT_BY_NAME(.vectors*))
 .vectors.0     0x0000000008000000       0x40 /home/micka/github/campusiot/RIOT-wyres/tests/driver_sx127x/bin/wyres-base/cortexm_common/vectors_cortexm.o
                0x0000000008000000                cortex_vector_base
 .vectors.1     0x0000000008000040       0xe4 /home/micka/github/campusiot/RIOT-wyres/tests/driver_sx127x/bin/wyres-base/stm32_vectors/STM32L151xC.o
                0x0000000008000040                vector_cpu
 *(.text .text.* .gnu.linkonce.t.*)
 .text._recv_thread
                0x0000000008000124       0x38 /home/micka/github/campusiot/RIOT-wyres/tests/driver_sx127x/bin/wyres-base/application_test-driver-sx127x/main.o
                0x0000000008000124                _recv_thread
 .text._event_cb
                0x000000000800015c      0x104 /home/micka/github/campusiot/RIOT-wyres/tests/driver_sx127x/bin/wyres-base/application_test-driver-sx127x/main.o
 .text.init_sx1272_cmd
                0x0000000008000260       0xf8 /home/micka/github/campusiot/RIOT-wyres/tests/driver_sx127x/bin/wyres-base/application_test-driver-sx127x/main.o
                0x0000000008000260                init_sx1272_cmd
 .text.startup.main
                0x0000000008000358      0x14c /home/micka/github/campusiot/RIOT-wyres/tests/driver_sx127x/bin/wyres-base/application_test-driver-sx127x/main.o
                0x0000000008000358                main
 .text.auto_init
                0x00000000080004a4       0x24 /home/micka/github/campusiot/RIOT-wyres/tests/driver_sx127x/bin/wyres-base/auto_init/auto_init.o
                0x00000000080004a4                auto_init
 .text.board_init
                0x00000000080004c8       0x38 /home/micka/github/campusiot/RIOT-wyres/tests/driver_sx127x/bin/wyres-base/board/board.o
                0x00000000080004c8                board_init
 .text.main_trampoline
                0x0000000008000500       0x18 /home/micka/github/campusiot/RIOT-wyres/tests/driver_sx127x/bin/wyres-base/core_lib/init.o
 .text.kernel_init
                0x0000000008000518       0x34 /home/micka/github/campusiot/RIOT-wyres/tests/driver_sx127x/bin/wyres-base/core_lib/init.o
                0x0000000008000518                kernel_init
 .text.early_init
                0x000000000800054c        0xe /home/micka/github/campusiot/RIOT-wyres/tests/driver_sx127x/bin/wyres-base/core_lib/init.o
                0x000000000800054c                early_init
 .text.panic_app
                0x000000000800055a        0x2 /home/micka/github/campusiot/RIOT-wyres/tests/driver_sx127x/bin/wyres-base/core_lib/panic.o
                0x000000000800055a                panic_app
 .text.core_panic
                0x000000000800055c       0x3c /home/micka/github/campusiot/RIOT-wyres/tests/driver_sx127x/bin/wyres-base/core_lib/panic.o
                0x000000000800055c                core_panic
 .text._msg_receive
                0x0000000008000598       0xd4 /home/micka/github/campusiot/RIOT-wyres/tests/driver_sx127x/bin/wyres-base/core/msg.o
 .text.queue_msg
                0x000000000800066c       0x2a /home/micka/github/campusiot/RIOT-wyres/tests/driver_sx127x/bin/wyres-base/core/msg.o
 *fill*         0x0000000008000696        0x2 
 .text._msg_send_oneway
                0x0000000008000698       0x44 /home/micka/github/campusiot/RIOT-wyres/tests/driver_sx127x/bin/wyres-base/core/msg.o
 .text._msg_send
                0x00000000080006dc       0xa4 /home/micka/github/campusiot/RIOT-wyres/tests/driver_sx127x/bin/wyres-base/core/msg.o
 .text.msg_send_to_self
                0x0000000008000780       0x28 /home/micka/github/campusiot/RIOT-wyres/tests/driver_sx127x/bin/wyres-base/core/msg.o
                0x0000000008000780                msg_send_to_self
 .text.msg_send_int
                0x00000000080007a8        0x8 /home/micka/github/campusiot/RIOT-wyres/tests/driver_sx127x/bin/wyres-base/core/msg.o
                0x00000000080007a8                msg_send_int
 .text.msg_send
                0x00000000080007b0       0x2c /home/micka/github/campusiot/RIOT-wyres/tests/driver_sx127x/bin/wyres-base/core/msg.o
                0x00000000080007b0                msg_send
 .text.msg_receive
                0x00000000080007dc        0x6 /home/micka/github/campusiot/RIOT-wyres/tests/driver_sx127x/bin/wyres-base/core/msg.o
                0x00000000080007dc                msg_receive
 *fill*         0x00000000080007e2        0x2 
 .text.msg_init_queue
                0x00000000080007e4       0x18 /home/micka/github/campusiot/RIOT-wyres/tests/driver_sx127x/bin/wyres-base/core/msg.o
                0x00000000080007e4                msg_init_queue
 .text.mutex_lock_internal
                0x00000000080007fc       0x68 /home/micka/github/campusiot/RIOT-wyres/tests/driver_sx127x/bin/wyres-base/core/mutex.o
                0x00000000080007fc                mutex_lock_internal
 .text.mutex_unlock
                0x0000000008000864       0x44 /home/micka/github/campusiot/RIOT-wyres/tests/driver_sx127x/bin/wyres-base/core/mutex.o
                0x0000000008000864                mutex_unlock
 .text.sched_run
                0x00000000080008a8       0x74 /home/micka/github/campusiot/RIOT-wyres/tests/driver_sx127x/bin/wyres-base/core/sched.o
                0x00000000080008a8                sched_run
 .text.sched_set_status
                0x000000000800091c       0x80 /home/micka/github/campusiot/RIOT-wyres/tests/driver_sx127x/bin/wyres-base/core/sched.o
                0x000000000800091c                sched_set_status
 .text.sched_switch
                0x000000000800099c       0x3c /home/micka/github/campusiot/RIOT-wyres/tests/driver_sx127x/bin/wyres-base/core/sched.o
                0x000000000800099c                sched_switch
 .text.sched_task_exit
                0x00000000080009d8       0x3c /home/micka/github/campusiot/RIOT-wyres/tests/driver_sx127x/bin/wyres-base/core/sched.o
                0x00000000080009d8                sched_task_exit
 .text.thread_add_to_list
                0x0000000008000a14       0x1c /home/micka/github/campusiot/RIOT-wyres/tests/driver_sx127x/bin/wyres-base/core/thread.o
                0x0000000008000a14                thread_add_to_list
 .text.thread_create
                0x0000000008000a30       0xc0 /home/micka/github/campusiot/RIOT-wyres/tests/driver_sx127x/bin/wyres-base/core/thread.o
                0x0000000008000a30                thread_create
 .text.cortexm_init
                0x0000000008000af0       0x40 /home/micka/github/campusiot/RIOT-wyres/tests/driver_sx127x/bin/wyres-base/cortexm_common/cortexm_init.o
                0x0000000008000af0                cortexm_init
 .text.panic_arch
                0x0000000008000b30        0x2 /home/micka/github/campusiot/RIOT-wyres/tests/driver_sx127x/bin/wyres-base/cortexm_common/panic.o
                0x0000000008000b30                panic_arch
 *fill*         0x0000000008000b32        0x2 
 .text.pm_reboot
                0x0000000008000b34       0x24 /home/micka/github/campusiot/RIOT-wyres/tests/driver_sx127x/bin/wyres-base/cortexm_common_periph/pm.o
                0x0000000008000b34                pm_reboot
 .text.thread_stack_init
                0x0000000008000b58       0x68 /home/micka/github/campusiot/RIOT-wyres/tests/driver_sx127x/bin/wyres-base/cortexm_common/thread_arch.o
                0x0000000008000b58                thread_stack_init
 .text.cpu_switch_context_exit
                0x0000000008000bc0       0x18 /home/micka/github/campusiot/RIOT-wyres/tests/driver_sx127x/bin/wyres-base/cortexm_common/thread_arch.o
                0x0000000008000bc0                cpu_switch_context_exit
 .text.isr_pendsv
                0x0000000008000bd8       0x38 /home/micka/github/campusiot/RIOT-wyres/tests/driver_sx127x/bin/wyres-base/cortexm_common/thread_arch.o
                0x0000000008000bd8                isr_pendsv
 .text.isr_svc  0x0000000008000c10       0x10 /home/micka/github/campusiot/RIOT-wyres/tests/driver_sx127x/bin/wyres-base/cortexm_common/thread_arch.o
                0x0000000008000c10                isr_svc
 .text.sched_arch_idle
                0x0000000008000c20       0x10 /home/micka/github/campusiot/RIOT-wyres/tests/driver_sx127x/bin/wyres-base/cortexm_common/thread_arch.o
                0x0000000008000c20                sched_arch_idle
 .text.nmi_handler
                0x0000000008000c30       0x10 /home/micka/github/campusiot/RIOT-wyres/tests/driver_sx127x/bin/wyres-base/cortexm_common/vectors_cortexm.o
                0x0000000008000c30                nmi_handler
 .text.hard_fault_default
                0x0000000008000c40       0x10 /home/micka/github/campusiot/RIOT-wyres/tests/driver_sx127x/bin/wyres-base/cortexm_common/vectors_cortexm.o
                0x0000000008000c40                hard_fault_default
 .text.mem_manage_default
                0x0000000008000c50       0x10 /home/micka/github/campusiot/RIOT-wyres/tests/driver_sx127x/bin/wyres-base/cortexm_common/vectors_cortexm.o
                0x0000000008000c50                mem_manage_default
 .text.bus_fault_default
                0x0000000008000c60       0x10 /home/micka/github/campusiot/RIOT-wyres/tests/driver_sx127x/bin/wyres-base/cortexm_common/vectors_cortexm.o
                0x0000000008000c60                bus_fault_default
 .text.usage_fault_default
                0x0000000008000c70       0x10 /home/micka/github/campusiot/RIOT-wyres/tests/driver_sx127x/bin/wyres-base/cortexm_common/vectors_cortexm.o
                0x0000000008000c70                usage_fault_default
 .text.debug_mon_default
                0x0000000008000c80       0x10 /home/micka/github/campusiot/RIOT-wyres/tests/driver_sx127x/bin/wyres-base/cortexm_common/vectors_cortexm.o
                0x0000000008000c80                debug_mon_default
 .text.dummy_handler_default
                0x0000000008000c90       0x10 /home/micka/github/campusiot/RIOT-wyres/tests/driver_sx127x/bin/wyres-base/cortexm_common/vectors_cortexm.o
                0x0000000008000c90                dummy_handler_default
                0x0000000008000c90                isr_systick
 .text.pre_startup
                0x0000000008000ca0        0x2 /home/micka/github/campusiot/RIOT-wyres/tests/driver_sx127x/bin/wyres-base/cortexm_common/vectors_cortexm.o
                0x0000000008000ca0                pre_startup
 .text.post_startup
                0x0000000008000ca2        0x2 /home/micka/github/campusiot/RIOT-wyres/tests/driver_sx127x/bin/wyres-base/cortexm_common/vectors_cortexm.o
                0x0000000008000ca2                post_startup
 .text.reset_handler_default
                0x0000000008000ca4       0x68 /home/micka/github/campusiot/RIOT-wyres/tests/driver_sx127x/bin/wyres-base/cortexm_common/vectors_cortexm.o
                0x0000000008000ca4                reset_handler_default
 .text.periph_apb_clk
                0x0000000008000d0c        0x8 /home/micka/github/campusiot/RIOT-wyres/tests/driver_sx127x/bin/wyres-base/cpu/cpu_common.o
                0x0000000008000d0c                periph_apb_clk
 .text.periph_timer_clk
                0x0000000008000d14       0x14 /home/micka/github/campusiot/RIOT-wyres/tests/driver_sx127x/bin/wyres-base/cpu/cpu_common.o
                0x0000000008000d14                periph_timer_clk
 .text.periph_clk_en
                0x0000000008000d28       0x30 /home/micka/github/campusiot/RIOT-wyres/tests/driver_sx127x/bin/wyres-base/cpu/cpu_common.o
                0x0000000008000d28                periph_clk_en
 .text.periph_clk_dis
                0x0000000008000d58       0x34 /home/micka/github/campusiot/RIOT-wyres/tests/driver_sx127x/bin/wyres-base/cpu/cpu_common.o
                0x0000000008000d58                periph_clk_dis
 .text.cpu_init
                0x0000000008000d8c       0x68 /home/micka/github/campusiot/RIOT-wyres/tests/driver_sx127x/bin/wyres-base/cpu/cpu_init.o
                0x0000000008000d8c                cpu_init
 .text.gcd32    0x0000000008000df4       0x40 /home/micka/github/campusiot/RIOT-wyres/tests/driver_sx127x/bin/wyres-base/frac/frac.o
                0x0000000008000df4                gcd32
 .text.frac_init
                0x0000000008000e34       0x90 /home/micka/github/campusiot/RIOT-wyres/tests/driver_sx127x/bin/wyres-base/frac/frac.o
                0x0000000008000e34                frac_init
 .text.iolist_size
                0x0000000008000ec4       0x10 /home/micka/github/campusiot/RIOT-wyres/tests/driver_sx127x/bin/wyres-base/iolist/iolist.o
                0x0000000008000ec4                iolist_size
 .text.lpsxxx_init
                0x0000000008000ed4       0xa0 /home/micka/github/campusiot/RIOT-wyres/tests/driver_sx127x/bin/wyres-base/lpsxxx/lpsxxx.o
                0x0000000008000ed4                lpsxxx_init
 .text.lpsxxx_read_temp
                0x0000000008000f74       0x78 /home/micka/github/campusiot/RIOT-wyres/tests/driver_sx127x/bin/wyres-base/lpsxxx/lpsxxx.o
                0x0000000008000f74                lpsxxx_read_temp
 .text.lpsxxx_read_pres
                0x0000000008000fec       0x8a /home/micka/github/campusiot/RIOT-wyres/tests/driver_sx127x/bin/wyres-base/lpsxxx/lpsxxx.o
                0x0000000008000fec                lpsxxx_read_pres
 .text.lpsxxx_enable
                0x0000000008001076       0x5e /home/micka/github/campusiot/RIOT-wyres/tests/driver_sx127x/bin/wyres-base/lpsxxx/lpsxxx.o
                0x0000000008001076                lpsxxx_enable
 .text.lpsxxx_disable
                0x00000000080010d4       0x56 /home/micka/github/campusiot/RIOT-wyres/tests/driver_sx127x/bin/wyres-base/lpsxxx/lpsxxx.o
                0x00000000080010d4                lpsxxx_disable
 *fill*         0x000000000800112a        0x2 
 .text._init    0x000000000800112c        0xc /home/micka/github/campusiot/RIOT-wyres/tests/driver_sx127x/bin/wyres-base/newlib_syscalls_default/syscalls.o
                0x000000000800112c                _init
 .text._fini    0x0000000008001138        0x2 /home/micka/github/campusiot/RIOT-wyres/tests/driver_sx127x/bin/wyres-base/newlib_syscalls_default/syscalls.o
                0x0000000008001138                _fini
 *fill*         0x000000000800113a        0x2 
 .text._sbrk_r  0x000000000800113c       0x3c /home/micka/github/campusiot/RIOT-wyres/tests/driver_sx127x/bin/wyres-base/newlib_syscalls_default/syscalls.o
                0x000000000800113c                _sbrk_r
 .text._read_r  0x0000000008001178        0x8 /home/micka/github/campusiot/RIOT-wyres/tests/driver_sx127x/bin/wyres-base/newlib_syscalls_default/syscalls.o
                0x0000000008001178                _read_r
 .text._write_r
                0x0000000008001180        0x8 /home/micka/github/campusiot/RIOT-wyres/tests/driver_sx127x/bin/wyres-base/newlib_syscalls_default/syscalls.o
                0x0000000008001180                _write_r
 .text._close_r
                0x0000000008001188        0xa /home/micka/github/campusiot/RIOT-wyres/tests/driver_sx127x/bin/wyres-base/newlib_syscalls_default/syscalls.o
                0x0000000008001188                _close_r
 .text._lseek_r
                0x0000000008001192        0xa /home/micka/github/campusiot/RIOT-wyres/tests/driver_sx127x/bin/wyres-base/newlib_syscalls_default/syscalls.o
                0x0000000008001192                _lseek_r
 .text._fstat_r
                0x000000000800119c        0xa /home/micka/github/campusiot/RIOT-wyres/tests/driver_sx127x/bin/wyres-base/newlib_syscalls_default/syscalls.o
                0x000000000800119c                _fstat_r
 .text._isatty_r
                0x00000000080011a6        0xe /home/micka/github/campusiot/RIOT-wyres/tests/driver_sx127x/bin/wyres-base/newlib_syscalls_default/syscalls.o
                0x00000000080011a6                _isatty_r
 .text.i2c_read_regs
                0x00000000080011b4       0x56 /home/micka/github/campusiot/RIOT-wyres/tests/driver_sx127x/bin/wyres-base/periph_common/i2c.o
                0x00000000080011b4                i2c_read_regs
 .text.i2c_read_reg
                0x000000000800120a       0x14 /home/micka/github/campusiot/RIOT-wyres/tests/driver_sx127x/bin/wyres-base/periph_common/i2c.o
                0x000000000800120a                i2c_read_reg
 .text.i2c_write_regs
                0x000000000800121e       0x5a /home/micka/github/campusiot/RIOT-wyres/tests/driver_sx127x/bin/wyres-base/periph_common/i2c.o
                0x000000000800121e                i2c_write_regs
 .text.i2c_write_reg
                0x0000000008001278       0x1e /home/micka/github/campusiot/RIOT-wyres/tests/driver_sx127x/bin/wyres-base/periph_common/i2c.o
                0x0000000008001278                i2c_write_reg
 .text.led_init
                0x0000000008001296        0x2 /home/micka/github/campusiot/RIOT-wyres/tests/driver_sx127x/bin/wyres-base/periph_common/init_leds.o
                0x0000000008001296                led_init
 .text.periph_init
                0x0000000008001298       0x12 /home/micka/github/campusiot/RIOT-wyres/tests/driver_sx127x/bin/wyres-base/periph_common/init.o
                0x0000000008001298                periph_init
 .text.spi_transfer_regs
                0x00000000080012aa       0x36 /home/micka/github/campusiot/RIOT-wyres/tests/driver_sx127x/bin/wyres-base/periph_common/spi.o
                0x00000000080012aa                spi_transfer_regs
 .text.gpio_init
                0x00000000080012e0       0x68 /home/micka/github/campusiot/RIOT-wyres/tests/driver_sx127x/bin/wyres-base/periph/gpio_all.o
                0x00000000080012e0                gpio_init
 .text.gpio_init_af
                0x0000000008001348       0x54 /home/micka/github/campusiot/RIOT-wyres/tests/driver_sx127x/bin/wyres-base/periph/gpio_all.o
                0x0000000008001348                gpio_init_af
 .text.gpio_read
                0x000000000800139c       0x14 /home/micka/github/campusiot/RIOT-wyres/tests/driver_sx127x/bin/wyres-base/periph/gpio_all.o
                0x000000000800139c                gpio_read
 .text.gpio_set
                0x00000000080013b0       0x10 /home/micka/github/campusiot/RIOT-wyres/tests/driver_sx127x/bin/wyres-base/periph/gpio_all.o
                0x00000000080013b0                gpio_set
 .text.gpio_clear
                0x00000000080013c0       0x12 /home/micka/github/campusiot/RIOT-wyres/tests/driver_sx127x/bin/wyres-base/periph/gpio_all.o
                0x00000000080013c0                gpio_clear
 .text.gpio_write
                0x00000000080013d2        0xa /home/micka/github/campusiot/RIOT-wyres/tests/driver_sx127x/bin/wyres-base/periph/gpio_all.o
                0x00000000080013d2                gpio_write
 .text.gpio_init_int
                0x00000000080013dc       0xbc /home/micka/github/campusiot/RIOT-wyres/tests/driver_sx127x/bin/wyres-base/periph/gpio_all.o
                0x00000000080013dc                gpio_init_int
 .text.isr_exti
                0x0000000008001498       0x58 /home/micka/github/campusiot/RIOT-wyres/tests/driver_sx127x/bin/wyres-base/periph/gpio_all.o
                0x0000000008001498                isr_exti
 .text._wait_for_bus
                0x00000000080014f0       0x24 /home/micka/github/campusiot/RIOT-wyres/tests/driver_sx127x/bin/wyres-base/periph/i2c_2.o
 .text._stop    0x0000000008001514       0x3c /home/micka/github/campusiot/RIOT-wyres/tests/driver_sx127x/bin/wyres-base/periph/i2c_2.o
 .text._is_sr1_mask_set
                0x0000000008001550       0x66 /home/micka/github/campusiot/RIOT-wyres/tests/driver_sx127x/bin/wyres-base/periph/i2c_2.o
 *fill*         0x00000000080015b6        0x2 
 .text._disable_periph
                0x00000000080015b8       0x28 /home/micka/github/campusiot/RIOT-wyres/tests/driver_sx127x/bin/wyres-base/periph/i2c_2.o
 .text._init    0x00000000080015e0       0xc8 /home/micka/github/campusiot/RIOT-wyres/tests/driver_sx127x/bin/wyres-base/periph/i2c_2.o
 .text._i2c_start
                0x00000000080016a8       0x92 /home/micka/github/campusiot/RIOT-wyres/tests/driver_sx127x/bin/wyres-base/periph/i2c_2.o
 *fill*         0x000000000800173a        0x2 
 .text.i2c_init
                0x000000000800173c       0x6c /home/micka/github/campusiot/RIOT-wyres/tests/driver_sx127x/bin/wyres-base/periph/i2c_2.o
                0x000000000800173c                i2c_init
 .text.i2c_acquire
                0x00000000080017a8       0x3c /home/micka/github/campusiot/RIOT-wyres/tests/driver_sx127x/bin/wyres-base/periph/i2c_2.o
                0x00000000080017a8                i2c_acquire
 .text.i2c_release
                0x00000000080017e4       0x20 /home/micka/github/campusiot/RIOT-wyres/tests/driver_sx127x/bin/wyres-base/periph/i2c_2.o
                0x00000000080017e4                i2c_release
 .text.i2c_read_bytes
                0x0000000008001804       0xc4 /home/micka/github/campusiot/RIOT-wyres/tests/driver_sx127x/bin/wyres-base/periph/i2c_2.o
                0x0000000008001804                i2c_read_bytes
 .text.i2c_write_bytes
                0x00000000080018c8       0x80 /home/micka/github/campusiot/RIOT-wyres/tests/driver_sx127x/bin/wyres-base/periph/i2c_2.o
                0x00000000080018c8                i2c_write_bytes
 .text.pm_set   0x0000000008001948       0x8c /home/micka/github/campusiot/RIOT-wyres/tests/driver_sx127x/bin/wyres-base/periph/pm.o
                0x0000000008001948                pm_set
 .text.spi_init_pins
                0x00000000080019d4       0x4c /home/micka/github/campusiot/RIOT-wyres/tests/driver_sx127x/bin/wyres-base/periph/spi.o
                0x00000000080019d4                spi_init_pins
 .text.spi_init
                0x0000000008001a20       0x3c /home/micka/github/campusiot/RIOT-wyres/tests/driver_sx127x/bin/wyres-base/periph/spi.o
                0x0000000008001a20                spi_init
 .text.spi_init_cs
                0x0000000008001a5c       0x54 /home/micka/github/campusiot/RIOT-wyres/tests/driver_sx127x/bin/wyres-base/periph/spi.o
                0x0000000008001a5c                spi_init_cs
 .text.spi_init_with_gpio_mode
                0x0000000008001ab0       0x48 /home/micka/github/campusiot/RIOT-wyres/tests/driver_sx127x/bin/wyres-base/periph/spi.o
                0x0000000008001ab0                spi_init_with_gpio_mode
 .text.spi_acquire
                0x0000000008001af8       0x78 /home/micka/github/campusiot/RIOT-wyres/tests/driver_sx127x/bin/wyres-base/periph/spi.o
                0x0000000008001af8                spi_acquire
 .text.spi_release
                0x0000000008001b70       0x38 /home/micka/github/campusiot/RIOT-wyres/tests/driver_sx127x/bin/wyres-base/periph/spi.o
                0x0000000008001b70                spi_release
 .text.spi_transfer_bytes
                0x0000000008001ba8       0xf8 /home/micka/github/campusiot/RIOT-wyres/tests/driver_sx127x/bin/wyres-base/periph/spi.o
                0x0000000008001ba8                spi_transfer_bytes
 .text.timer_set
                0x0000000008001ca0       0x64 /home/micka/github/campusiot/RIOT-wyres/tests/driver_sx127x/bin/wyres-base/periph/timer.o
                0x0000000008001ca0                timer_set
 .text.timer_clear
                0x0000000008001d04       0x3c /home/micka/github/campusiot/RIOT-wyres/tests/driver_sx127x/bin/wyres-base/periph/timer.o
                0x0000000008001d04                timer_clear
 .text.timer_read
                0x0000000008001d40       0x10 /home/micka/github/campusiot/RIOT-wyres/tests/driver_sx127x/bin/wyres-base/periph/timer.o
                0x0000000008001d40                timer_read
 .text.timer_start
                0x0000000008001d50       0x20 /home/micka/github/campusiot/RIOT-wyres/tests/driver_sx127x/bin/wyres-base/periph/timer.o
                0x0000000008001d50                timer_start
 .text.timer_init
                0x0000000008001d70       0x58 /home/micka/github/campusiot/RIOT-wyres/tests/driver_sx127x/bin/wyres-base/periph/timer.o
                0x0000000008001d70                timer_init
 .text.isr_tim3
                0x0000000008001dc8       0x78 /home/micka/github/campusiot/RIOT-wyres/tests/driver_sx127x/bin/wyres-base/periph/timer.o
                0x0000000008001dc8                isr_tim3
 .text.uart_enable_clock
                0x0000000008001e40       0x30 /home/micka/github/campusiot/RIOT-wyres/tests/driver_sx127x/bin/wyres-base/periph/uart.o
 .text.uart_init
                0x0000000008001e70       0x7c /home/micka/github/campusiot/RIOT-wyres/tests/driver_sx127x/bin/wyres-base/periph/uart.o
                0x0000000008001e70                uart_init
 .text.uart_write
                0x0000000008001eec       0x2c /home/micka/github/campusiot/RIOT-wyres/tests/driver_sx127x/bin/wyres-base/periph/uart.o
                0x0000000008001eec                uart_write
 .text.isr_usart1
                0x0000000008001f18       0x44 /home/micka/github/campusiot/RIOT-wyres/tests/driver_sx127x/bin/wyres-base/periph/uart.o
                0x0000000008001f18                isr_usart1
 .text.pm_set_lowest
                0x0000000008001f5c       0x2c /home/micka/github/campusiot/RIOT-wyres/tests/driver_sx127x/bin/wyres-base/pm_layered/pm.o
                0x0000000008001f5c                pm_set_lowest
 .text.pm_block
                0x0000000008001f88       0x18 /home/micka/github/campusiot/RIOT-wyres/tests/driver_sx127x/bin/wyres-base/pm_layered/pm.o
                0x0000000008001f88                pm_block
 .text.pm_unblock
                0x0000000008001fa0       0x18 /home/micka/github/campusiot/RIOT-wyres/tests/driver_sx127x/bin/wyres-base/pm_layered/pm.o
                0x0000000008001fa0                pm_unblock
 .text.stdio_read
                0x0000000008001fb8        0x6 /home/micka/github/campusiot/RIOT-wyres/tests/driver_sx127x/bin/wyres-base/stdio/stdio.o
                0x0000000008001fb8                stdio_read
 .text.stdio_init
                0x0000000008001fbe        0xe /home/micka/github/campusiot/RIOT-wyres/tests/driver_sx127x/bin/wyres-base/stdio_uart/stdio_uart.o
                0x0000000008001fbe                stdio_init
 .text.stdio_write
                0x0000000008001fcc       0x12 /home/micka/github/campusiot/RIOT-wyres/tests/driver_sx127x/bin/wyres-base/stdio_uart/stdio_uart.o
                0x0000000008001fcc                stdio_write
 *fill*         0x0000000008001fde        0x2 
 .text.stmclk_enable_hsi
                0x0000000008001fe0       0x18 /home/micka/github/campusiot/RIOT-wyres/tests/driver_sx127x/bin/wyres-base/stm32_clk/stmclk_common.o
                0x0000000008001fe0                stmclk_enable_hsi
 .text.stmclk_disable_hsi
                0x0000000008001ff8       0x10 /home/micka/github/campusiot/RIOT-wyres/tests/driver_sx127x/bin/wyres-base/stm32_clk/stmclk_common.o
                0x0000000008001ff8                stmclk_disable_hsi
 .text.stmclk_init_sysclk
                0x0000000008002008       0xa8 /home/micka/github/campusiot/RIOT-wyres/tests/driver_sx127x/bin/wyres-base/stm32_clk/stmclk_l0l1.o
                0x0000000008002008                stmclk_init_sysclk
 .text.dummy_handler
                0x00000000080020b0        0x4 /home/micka/github/campusiot/RIOT-wyres/tests/driver_sx127x/bin/wyres-base/stm32_vectors/STM32L151xC.o
                0x00000000080020b0                isr_pvd
                0x00000000080020b0                isr_rtc_wkup
                0x00000000080020b0                isr_comp_acq
                0x00000000080020b0                isr_tim10
                0x00000000080020b0                isr_dac
                0x00000000080020b0                isr_dma1_channel4
                0x00000000080020b0                isr_tim7
                0x00000000080020b0                isr_tim5
                0x00000000080020b0                isr_i2c1_ev
                0x00000000080020b0                isr_usart2
                0x00000000080020b0                isr_dma1_channel5
                0x00000000080020b0                isr_tim4
                0x00000000080020b0                isr_dma1_channel2
                0x00000000080020b0                isr_dma1_channel7
                0x00000000080020b0                isr_tim2
                0x00000000080020b0                isr_dma2_channel4
                0x00000000080020b0                isr_spi2
                0x00000000080020b0                isr_dma1_channel1
                0x00000000080020b0                dummy_handler
                0x00000000080020b0                isr_usb_hp
                0x00000000080020b0                isr_tim9
                0x00000000080020b0                isr_comp
                0x00000000080020b0                isr_spi1
                0x00000000080020b0                isr_tim6
                0x00000000080020b0                isr_usb_lp
                0x00000000080020b0                isr_rcc
                0x00000000080020b0                isr_flash
                0x00000000080020b0                isr_dma2_channel5
                0x00000000080020b0                isr_dma2_channel1
                0x00000000080020b0                isr_adc1
                0x00000000080020b0                isr_i2c2_er
                0x00000000080020b0                isr_usb_fs_wkup
                0x00000000080020b0                isr_dma1_channel6
                0x00000000080020b0                isr_tim11
                0x00000000080020b0                isr_spi3
                0x00000000080020b0                isr_usart3
                0x00000000080020b0                isr_i2c2_ev
                0x00000000080020b0                isr_dma2_channel2
                0x00000000080020b0                isr_dma2_channel3
                0x00000000080020b0                isr_rtc_alarm
                0x00000000080020b0                isr_dma1_channel3
                0x00000000080020b0                isr_tamper_stamp
                0x00000000080020b0                isr_i2c1_er
                0x00000000080020b0                isr_wwdg
 .text._low_datarate_optimize
                0x00000000080020b4       0x48 /home/micka/github/campusiot/RIOT-wyres/tests/driver_sx127x/bin/wyres-base/sx127x/sx127x_getset.o
 .text.sx127x_get_state
                0x00000000080020fc        0x4 /home/micka/github/campusiot/RIOT-wyres/tests/driver_sx127x/bin/wyres-base/sx127x/sx127x_getset.o
                0x00000000080020fc                sx127x_get_state
 .text.sx127x_set_state
                0x0000000008002100        0x4 /home/micka/github/campusiot/RIOT-wyres/tests/driver_sx127x/bin/wyres-base/sx127x/sx127x_getset.o
                0x0000000008002100                sx127x_set_state
 .text.sx127x_get_syncword
                0x0000000008002104        0x6 /home/micka/github/campusiot/RIOT-wyres/tests/driver_sx127x/bin/wyres-base/sx127x/sx127x_getset.o
                0x0000000008002104                sx127x_get_syncword
 .text.sx127x_set_syncword
                0x000000000800210a        0x8 /home/micka/github/campusiot/RIOT-wyres/tests/driver_sx127x/bin/wyres-base/sx127x/sx127x_getset.o
                0x000000000800210a                sx127x_set_syncword
 *fill*         0x0000000008002112        0x6 
 .text.sx127x_get_channel
                0x0000000008002118       0x4c /home/micka/github/campusiot/RIOT-wyres/tests/driver_sx127x/bin/wyres-base/sx127x/sx127x_getset.o
                0x0000000008002118                sx127x_get_channel
 *fill*         0x0000000008002164        0x4 
 .text.sx127x_set_channel
                0x0000000008002168       0x4c /home/micka/github/campusiot/RIOT-wyres/tests/driver_sx127x/bin/wyres-base/sx127x/sx127x_getset.o
                0x0000000008002168                sx127x_set_channel
 *fill*         0x00000000080021b4        0x4 
 .text.sx127x_get_time_on_air
                0x00000000080021b8      0x13c /home/micka/github/campusiot/RIOT-wyres/tests/driver_sx127x/bin/wyres-base/sx127x/sx127x_getset.o
                0x00000000080021b8                sx127x_get_time_on_air
 .text.sx127x_get_max_payload_len
                0x00000000080022f4       0x16 /home/micka/github/campusiot/RIOT-wyres/tests/driver_sx127x/bin/wyres-base/sx127x/sx127x_getset.o
                0x00000000080022f4                sx127x_get_max_payload_len
 .text.sx127x_set_max_payload_len
                0x000000000800230a       0x16 /home/micka/github/campusiot/RIOT-wyres/tests/driver_sx127x/bin/wyres-base/sx127x/sx127x_getset.o
                0x000000000800230a                sx127x_set_max_payload_len
 .text.sx127x_get_op_mode
                0x0000000008002320        0xe /home/micka/github/campusiot/RIOT-wyres/tests/driver_sx127x/bin/wyres-base/sx127x/sx127x_getset.o
                0x0000000008002320                sx127x_get_op_mode
 .text.sx127x_set_op_mode
                0x000000000800232e       0x1e /home/micka/github/campusiot/RIOT-wyres/tests/driver_sx127x/bin/wyres-base/sx127x/sx127x_getset.o
                0x000000000800232e                sx127x_set_op_mode
 .text.sx127x_set_modem
                0x000000000800234c       0x54 /home/micka/github/campusiot/RIOT-wyres/tests/driver_sx127x/bin/wyres-base/sx127x/sx127x_getset.o
                0x000000000800234c                sx127x_set_modem
 .text.sx127x_set_sleep
                0x00000000080023a0       0x30 /home/micka/github/campusiot/RIOT-wyres/tests/driver_sx127x/bin/wyres-base/sx127x/sx127x_getset.o
                0x00000000080023a0                sx127x_set_sleep
 .text.sx127x_set_standby
                0x00000000080023d0       0x30 /home/micka/github/campusiot/RIOT-wyres/tests/driver_sx127x/bin/wyres-base/sx127x/sx127x_getset.o
                0x00000000080023d0                sx127x_set_standby
 .text.sx127x_set_rx
                0x0000000008002400       0xc0 /home/micka/github/campusiot/RIOT-wyres/tests/driver_sx127x/bin/wyres-base/sx127x/sx127x_getset.o
                0x0000000008002400                sx127x_set_rx
 .text.sx127x_set_tx
                0x00000000080024c0       0x6c /home/micka/github/campusiot/RIOT-wyres/tests/driver_sx127x/bin/wyres-base/sx127x/sx127x_getset.o
                0x00000000080024c0                sx127x_set_tx
 .text.sx127x_get_bandwidth
                0x000000000800252c        0x4 /home/micka/github/campusiot/RIOT-wyres/tests/driver_sx127x/bin/wyres-base/sx127x/sx127x_getset.o
                0x000000000800252c                sx127x_get_bandwidth
 .text.sx127x_set_bandwidth
                0x0000000008002530       0x6c /home/micka/github/campusiot/RIOT-wyres/tests/driver_sx127x/bin/wyres-base/sx127x/sx127x_getset.o
                0x0000000008002530                sx127x_set_bandwidth
 .text.sx127x_get_spreading_factor
                0x000000000800259c        0x4 /home/micka/github/campusiot/RIOT-wyres/tests/driver_sx127x/bin/wyres-base/sx127x/sx127x_getset.o
                0x000000000800259c                sx127x_get_spreading_factor
 .text.sx127x_set_spreading_factor
                0x00000000080025a0       0x60 /home/micka/github/campusiot/RIOT-wyres/tests/driver_sx127x/bin/wyres-base/sx127x/sx127x_getset.o
                0x00000000080025a0                sx127x_set_spreading_factor
 .text.sx127x_get_coding_rate
                0x0000000008002600        0x4 /home/micka/github/campusiot/RIOT-wyres/tests/driver_sx127x/bin/wyres-base/sx127x/sx127x_getset.o
                0x0000000008002600                sx127x_get_coding_rate
 .text.sx127x_set_coding_rate
                0x0000000008002604       0x24 /home/micka/github/campusiot/RIOT-wyres/tests/driver_sx127x/bin/wyres-base/sx127x/sx127x_getset.o
                0x0000000008002604                sx127x_set_coding_rate
 .text.sx127x_get_rx_single
                0x0000000008002628        0xc /home/micka/github/campusiot/RIOT-wyres/tests/driver_sx127x/bin/wyres-base/sx127x/sx127x_getset.o
                0x0000000008002628                sx127x_get_rx_single
 .text.sx127x_set_rx_single
                0x0000000008002634       0x12 /home/micka/github/campusiot/RIOT-wyres/tests/driver_sx127x/bin/wyres-base/sx127x/sx127x_getset.o
                0x0000000008002634                sx127x_set_rx_single
 .text.sx127x_get_crc
                0x0000000008002646       0x14 /home/micka/github/campusiot/RIOT-wyres/tests/driver_sx127x/bin/wyres-base/sx127x/sx127x_getset.o
                0x0000000008002646                sx127x_get_crc
 .text.sx127x_set_crc
                0x000000000800265a       0x34 /home/micka/github/campusiot/RIOT-wyres/tests/driver_sx127x/bin/wyres-base/sx127x/sx127x_getset.o
                0x000000000800265a                sx127x_set_crc
 .text.sx127x_get_hop_period
                0x000000000800268e        0x6 /home/micka/github/campusiot/RIOT-wyres/tests/driver_sx127x/bin/wyres-base/sx127x/sx127x_getset.o
                0x000000000800268e                sx127x_get_hop_period
 .text.sx127x_set_hop_period
                0x0000000008002694       0x32 /home/micka/github/campusiot/RIOT-wyres/tests/driver_sx127x/bin/wyres-base/sx127x/sx127x_getset.o
                0x0000000008002694                sx127x_set_hop_period
 .text.sx127x_get_fixed_header_len_mode
                0x00000000080026c6        0x8 /home/micka/github/campusiot/RIOT-wyres/tests/driver_sx127x/bin/wyres-base/sx127x/sx127x_getset.o
                0x00000000080026c6                sx127x_get_fixed_header_len_mode
 .text.sx127x_set_fixed_header_len_mode
                0x00000000080026ce       0x34 /home/micka/github/campusiot/RIOT-wyres/tests/driver_sx127x/bin/wyres-base/sx127x/sx127x_getset.o
                0x00000000080026ce                sx127x_set_fixed_header_len_mode
 .text.sx127x_set_payload_length
                0x0000000008002702        0x8 /home/micka/github/campusiot/RIOT-wyres/tests/driver_sx127x/bin/wyres-base/sx127x/sx127x_getset.o
                0x0000000008002702                sx127x_set_payload_length
 .text.sx127x_get_tx_power
                0x000000000800270a        0x4 /home/micka/github/campusiot/RIOT-wyres/tests/driver_sx127x/bin/wyres-base/sx127x/sx127x_getset.o
                0x000000000800270a                sx127x_get_tx_power
 .text.sx127x_set_tx_power
                0x000000000800270e       0xa0 /home/micka/github/campusiot/RIOT-wyres/tests/driver_sx127x/bin/wyres-base/sx127x/sx127x_getset.o
                0x000000000800270e                sx127x_set_tx_power
 .text.sx127x_set_preamble_length
                0x00000000080027ae       0x1e /home/micka/github/campusiot/RIOT-wyres/tests/driver_sx127x/bin/wyres-base/sx127x/sx127x_getset.o
                0x00000000080027ae                sx127x_set_preamble_length
 .text.sx127x_set_rx_timeout
                0x00000000080027cc        0x4 /home/micka/github/campusiot/RIOT-wyres/tests/driver_sx127x/bin/wyres-base/sx127x/sx127x_getset.o
                0x00000000080027cc                sx127x_set_rx_timeout
 .text.sx127x_set_tx_timeout
                0x00000000080027d0        0x4 /home/micka/github/campusiot/RIOT-wyres/tests/driver_sx127x/bin/wyres-base/sx127x/sx127x_getset.o
                0x00000000080027d0                sx127x_set_tx_timeout
 .text.sx127x_set_symbol_timeout
                0x00000000080027d4       0x2c /home/micka/github/campusiot/RIOT-wyres/tests/driver_sx127x/bin/wyres-base/sx127x/sx127x_getset.o
                0x00000000080027d4                sx127x_set_symbol_timeout
 .text.sx127x_get_iq_invert
                0x0000000008002800        0x8 /home/micka/github/campusiot/RIOT-wyres/tests/driver_sx127x/bin/wyres-base/sx127x/sx127x_getset.o
                0x0000000008002800                sx127x_get_iq_invert
 .text.sx127x_set_iq_invert
                0x0000000008002808       0x44 /home/micka/github/campusiot/RIOT-wyres/tests/driver_sx127x/bin/wyres-base/sx127x/sx127x_getset.o
                0x0000000008002808                sx127x_set_iq_invert
 .text.sx127x_set_freq_hop
                0x000000000800284c       0x12 /home/micka/github/campusiot/RIOT-wyres/tests/driver_sx127x/bin/wyres-base/sx127x/sx127x_getset.o
                0x000000000800284c                sx127x_set_freq_hop
 *fill*         0x000000000800285e        0x2 
 .text.sx127x_reg_write_burst
                0x0000000008002860       0x4c /home/micka/github/campusiot/RIOT-wyres/tests/driver_sx127x/bin/wyres-base/sx127x/sx127x_internal.o
                0x0000000008002860                sx127x_reg_write_burst
 .text.sx127x_reg_write
                0x00000000080028ac       0x16 /home/micka/github/campusiot/RIOT-wyres/tests/driver_sx127x/bin/wyres-base/sx127x/sx127x_internal.o
                0x00000000080028ac                sx127x_reg_write
 *fill*         0x00000000080028c2        0x2 
 .text.sx127x_reg_read_burst
                0x00000000080028c4       0x48 /home/micka/github/campusiot/RIOT-wyres/tests/driver_sx127x/bin/wyres-base/sx127x/sx127x_internal.o
                0x00000000080028c4                sx127x_reg_read_burst
 .text.sx127x_reg_read
                0x000000000800290c       0x16 /home/micka/github/campusiot/RIOT-wyres/tests/driver_sx127x/bin/wyres-base/sx127x/sx127x_internal.o
                0x000000000800290c                sx127x_reg_read
 .text.sx127x_check_version
                0x0000000008002922       0x12 /home/micka/github/campusiot/RIOT-wyres/tests/driver_sx127x/bin/wyres-base/sx127x/sx127x_internal.o
                0x0000000008002922                sx127x_check_version
 .text.sx127x_write_fifo
                0x0000000008002934        0xa /home/micka/github/campusiot/RIOT-wyres/tests/driver_sx127x/bin/wyres-base/sx127x/sx127x_internal.o
                0x0000000008002934                sx127x_write_fifo
 .text.sx127x_read_fifo
                0x000000000800293e        0xa /home/micka/github/campusiot/RIOT-wyres/tests/driver_sx127x/bin/wyres-base/sx127x/sx127x_internal.o
                0x000000000800293e                sx127x_read_fifo
 .text.sx127x_read_rssi
                0x0000000008002948       0x2a /home/micka/github/campusiot/RIOT-wyres/tests/driver_sx127x/bin/wyres-base/sx127x/sx127x_internal.o
                0x0000000008002948                sx127x_read_rssi
 .text._set     0x0000000008002972      0x180 /home/micka/github/campusiot/RIOT-wyres/tests/driver_sx127x/bin/wyres-base/sx127x/sx127x_netdev.o
 *fill*         0x0000000008002af2        0x2 
 .text._get     0x0000000008002af4      0x144 /home/micka/github/campusiot/RIOT-wyres/tests/driver_sx127x/bin/wyres-base/sx127x/sx127x_netdev.o
 .text._init    0x0000000008002c38       0x40 /home/micka/github/campusiot/RIOT-wyres/tests/driver_sx127x/bin/wyres-base/sx127x/sx127x_netdev.o
 .text._recv    0x0000000008002c78      0x110 /home/micka/github/campusiot/RIOT-wyres/tests/driver_sx127x/bin/wyres-base/sx127x/sx127x_netdev.o
 .text._send    0x0000000008002d88       0x88 /home/micka/github/campusiot/RIOT-wyres/tests/driver_sx127x/bin/wyres-base/sx127x/sx127x_netdev.o
 .text._on_dio0_irq
                0x0000000008002e10       0x4c /home/micka/github/campusiot/RIOT-wyres/tests/driver_sx127x/bin/wyres-base/sx127x/sx127x_netdev.o
                0x0000000008002e10                _on_dio0_irq
 .text._on_dio1_irq
                0x0000000008002e5c       0x54 /home/micka/github/campusiot/RIOT-wyres/tests/driver_sx127x/bin/wyres-base/sx127x/sx127x_netdev.o
                0x0000000008002e5c                _on_dio1_irq
 .text._on_dio2_irq
                0x0000000008002eb0       0x58 /home/micka/github/campusiot/RIOT-wyres/tests/driver_sx127x/bin/wyres-base/sx127x/sx127x_netdev.o
                0x0000000008002eb0                _on_dio2_irq
 .text._on_dio3_irq
                0x0000000008002f08       0x6c /home/micka/github/campusiot/RIOT-wyres/tests/driver_sx127x/bin/wyres-base/sx127x/sx127x_netdev.o
                0x0000000008002f08                _on_dio3_irq
 .text._isr     0x0000000008002f74       0x3e /home/micka/github/campusiot/RIOT-wyres/tests/driver_sx127x/bin/wyres-base/sx127x/sx127x_netdev.o
 .text.netdev_trigger_event_isr
                0x0000000008002fb2        0xa /home/micka/github/campusiot/RIOT-wyres/tests/driver_sx127x/bin/wyres-base/sx127x/sx127x.o
 .text.sx127x_on_dio3_isr
                0x0000000008002fbc       0x10 /home/micka/github/campusiot/RIOT-wyres/tests/driver_sx127x/bin/wyres-base/sx127x/sx127x.o
 .text._on_tx_timeout
                0x0000000008002fcc        0x6 /home/micka/github/campusiot/RIOT-wyres/tests/driver_sx127x/bin/wyres-base/sx127x/sx127x.o
 .text._on_rx_timeout
                0x0000000008002fd2        0x6 /home/micka/github/campusiot/RIOT-wyres/tests/driver_sx127x/bin/wyres-base/sx127x/sx127x.o
 .text.sx127x_on_dio0_isr
                0x0000000008002fd8       0x10 /home/micka/github/campusiot/RIOT-wyres/tests/driver_sx127x/bin/wyres-base/sx127x/sx127x.o
 .text.sx127x_on_dio1_isr
                0x0000000008002fe8       0x10 /home/micka/github/campusiot/RIOT-wyres/tests/driver_sx127x/bin/wyres-base/sx127x/sx127x.o
 .text.sx127x_on_dio2_isr
                0x0000000008002ff8       0x10 /home/micka/github/campusiot/RIOT-wyres/tests/driver_sx127x/bin/wyres-base/sx127x/sx127x.o
 .text.sx127x_reset
                0x0000000008003008       0x3c /home/micka/github/campusiot/RIOT-wyres/tests/driver_sx127x/bin/wyres-base/sx127x/sx127x.o
                0x0000000008003008                sx127x_reset
 .text.sx127x_init
                0x0000000008003044      0x100 /home/micka/github/campusiot/RIOT-wyres/tests/driver_sx127x/bin/wyres-base/sx127x/sx127x.o
                0x0000000008003044                sx127x_init
 .text.sx127x_init_radio_settings
                0x0000000008003144       0x8c /home/micka/github/campusiot/RIOT-wyres/tests/driver_sx127x/bin/wyres-base/sx127x/sx127x.o
                0x0000000008003144                sx127x_init_radio_settings
 .text.sx127x_random
                0x00000000080031d0       0x58 /home/micka/github/campusiot/RIOT-wyres/tests/driver_sx127x/bin/wyres-base/sx127x/sx127x.o
                0x00000000080031d0                sx127x_random
 .text.ztimer_convert_frac_op_now
                0x0000000008003228       0x3c /home/micka/github/campusiot/RIOT-wyres/tests/driver_sx127x/bin/wyres-base/ztimer_core/convert_frac.o
 .text.ztimer_convert_frac_op_set
                0x0000000008003264       0x32 /home/micka/github/campusiot/RIOT-wyres/tests/driver_sx127x/bin/wyres-base/ztimer_core/convert_frac.o
 *fill*         0x0000000008003296        0x2 
 .text.ztimer_convert_frac_init
                0x0000000008003298       0x88 /home/micka/github/campusiot/RIOT-wyres/tests/driver_sx127x/bin/wyres-base/ztimer_core/convert_frac.o
                0x0000000008003298                ztimer_convert_frac_init
 .text.ztimer_convert_cancel
                0x0000000008003320        0xa /home/micka/github/campusiot/RIOT-wyres/tests/driver_sx127x/bin/wyres-base/ztimer_core/convert.o
                0x0000000008003320                ztimer_convert_cancel
 .text._ztimer_update
                0x000000000800332a       0x28 /home/micka/github/campusiot/RIOT-wyres/tests/driver_sx127x/bin/wyres-base/ztimer_core/core.o
 .text._del_entry_from_list
                0x0000000008003352       0x46 /home/micka/github/campusiot/RIOT-wyres/tests/driver_sx127x/bin/wyres-base/ztimer_core/core.o
 .text._now_next
                0x0000000008003398       0x2a /home/micka/github/campusiot/RIOT-wyres/tests/driver_sx127x/bin/wyres-base/ztimer_core/core.o
 .text._ztimer_now_extend
                0x00000000080033c2       0x32 /home/micka/github/campusiot/RIOT-wyres/tests/driver_sx127x/bin/wyres-base/ztimer_core/core.o
                0x00000000080033c2                _ztimer_now_extend
 .text.ztimer_now
                0x00000000080033f4       0x10 /home/micka/github/campusiot/RIOT-wyres/tests/driver_sx127x/bin/wyres-base/ztimer_core/core.o
 .text._ztimer_update_head_offset
                0x0000000008003404       0x32 /home/micka/github/campusiot/RIOT-wyres/tests/driver_sx127x/bin/wyres-base/ztimer_core/core.o
 .text.ztimer_remove
                0x0000000008003436       0x38 /home/micka/github/campusiot/RIOT-wyres/tests/driver_sx127x/bin/wyres-base/ztimer_core/core.o
                0x0000000008003436                ztimer_remove
 .text.ztimer_set
                0x000000000800346e       0xa0 /home/micka/github/campusiot/RIOT-wyres/tests/driver_sx127x/bin/wyres-base/ztimer_core/core.o
                0x000000000800346e                ztimer_set
 *fill*         0x000000000800350e        0x2 
 .text.ztimer_handler
                0x0000000008003510       0x94 /home/micka/github/campusiot/RIOT-wyres/tests/driver_sx127x/bin/wyres-base/ztimer_core/core.o
                0x0000000008003510                ztimer_handler
 .text.ztimer_init
                0x00000000080035a4       0x38 /home/micka/github/campusiot/RIOT-wyres/tests/driver_sx127x/bin/wyres-base/ztimer_core/init.o
                0x00000000080035a4                ztimer_init
 .text._ztimer_periph_timer_callback
                0x00000000080035dc        0x4 /home/micka/github/campusiot/RIOT-wyres/tests/driver_sx127x/bin/wyres-base/ztimer_core/periph_timer.o
 .text._ztimer_periph_timer_cancel
                0x00000000080035e0        0x8 /home/micka/github/campusiot/RIOT-wyres/tests/driver_sx127x/bin/wyres-base/ztimer_core/periph_timer.o
 .text._ztimer_periph_timer_now
                0x00000000080035e8        0x6 /home/micka/github/campusiot/RIOT-wyres/tests/driver_sx127x/bin/wyres-base/ztimer_core/periph_timer.o
 .text._ztimer_periph_timer_set
                0x00000000080035ee       0x1e /home/micka/github/campusiot/RIOT-wyres/tests/driver_sx127x/bin/wyres-base/ztimer_core/periph_timer.o
 .text.ztimer_periph_timer_init
                0x000000000800360c       0x38 /home/micka/github/campusiot/RIOT-wyres/tests/driver_sx127x/bin/wyres-base/ztimer_core/periph_timer.o
                0x000000000800360c                ztimer_periph_timer_init
 .text._callback_unlock_mutex
                0x0000000008003644        0x4 /home/micka/github/campusiot/RIOT-wyres/tests/driver_sx127x/bin/wyres-base/ztimer_core/util.o
 .text.ztimer_sleep
                0x0000000008003648       0x38 /home/micka/github/campusiot/RIOT-wyres/tests/driver_sx127x/bin/wyres-base/ztimer_core/util.o
                0x0000000008003648                ztimer_sleep
 .text          0x0000000008003680       0xf8 /usr/lib/gcc/arm-none-eabi/12.2.1/../../../arm-none-eabi/lib/thumb/v7-m/nofp/libm.a(lib_a-s_ceil.o)
                0x0000000008003680                ceil
 .text          0x0000000008003778       0xf8 /usr/lib/gcc/arm-none-eabi/12.2.1/../../../arm-none-eabi/lib/thumb/v7-m/nofp/libm.a(lib_a-s_floor.o)
                0x0000000008003778                floor
 .text          0x0000000008003870      0x378 /usr/lib/gcc/arm-none-eabi/12.2.1/thumb/v7-m/nofp/libgcc.a(_arm_addsubdf3.o)
                0x0000000008003870                __aeabi_drsub
                0x0000000008003878                __aeabi_dsub
                0x0000000008003878                __subdf3
                0x000000000800387c                __adddf3
                0x000000000800387c                __aeabi_dadd
                0x0000000008003af4                __aeabi_ui2d
                0x0000000008003af4                __floatunsidf
                0x0000000008003b14                __floatsidf
                0x0000000008003b14                __aeabi_i2d
                0x0000000008003b38                __extendsfdf2
                0x0000000008003b38                __aeabi_f2d
                0x0000000008003b7c                __aeabi_ul2d
                0x0000000008003b7c                __floatundidf
                0x0000000008003b8c                __floatdidf
                0x0000000008003b8c                __aeabi_l2d
 .text          0x0000000008003be8      0x424 /usr/lib/gcc/arm-none-eabi/12.2.1/thumb/v7-m/nofp/libgcc.a(_arm_muldivdf3.o)
                0x0000000008003be8                __aeabi_dmul
                0x0000000008003be8                __muldf3
                0x0000000008003e3c                __aeabi_ddiv
                0x0000000008003e3c                __divdf3
 .text          0x000000000800400c      0x110 /usr/lib/gcc/arm-none-eabi/12.2.1/thumb/v7-m/nofp/libgcc.a(_arm_cmpdf2.o)
                0x000000000800400c                __gtdf2
                0x000000000800400c                __gedf2
                0x0000000008004014                __ltdf2
                0x0000000008004014                __ledf2
                0x000000000800401c                __cmpdf2
                0x000000000800401c                __eqdf2
                0x000000000800401c                __nedf2
                0x0000000008004098                __aeabi_cdrcmple
                0x00000000080040a8                __aeabi_cdcmple
                0x00000000080040a8                __aeabi_cdcmpeq
                0x00000000080040b8                __aeabi_dcmpeq
                0x00000000080040cc                __aeabi_dcmplt
                0x00000000080040e0                __aeabi_dcmple
                0x00000000080040f4                __aeabi_dcmpge
                0x0000000008004108                __aeabi_dcmpgt
 .text          0x000000000800411c       0x40 /usr/lib/gcc/arm-none-eabi/12.2.1/thumb/v7-m/nofp/libgcc.a(_arm_fixunsdfsi.o)
                0x000000000800411c                __fixunsdfsi
                0x000000000800411c                __aeabi_d2uiz
 .text          0x000000000800415c       0x30 /usr/lib/gcc/arm-none-eabi/12.2.1/thumb/v7-m/nofp/libgcc.a(_aeabi_uldivmod.o)
                0x000000000800415c                __aeabi_uldivmod
 .text          0x000000000800418c      0x2c0 /usr/lib/gcc/arm-none-eabi/12.2.1/thumb/v7-m/nofp/libgcc.a(_udivmoddi4.o)
                0x000000000800418c                __udivmoddi4
 .text          0x000000000800444c        0x4 /usr/lib/gcc/arm-none-eabi/12.2.1/thumb/v7-m/nofp/libgcc.a(_dvmd_tls.o)
                0x000000000800444c                __aeabi_ldiv0
                0x000000000800444c                __aeabi_idiv0
 .text          0x0000000008004450      0x1dc /usr/lib/gcc/arm-none-eabi/12.2.1/../../../arm-none-eabi/lib/thumb/v7-m/nofp/libc_nano.a(lib_a-fflush.o)
                0x0000000008004450                __sflush_r
                0x0000000008004558                _fflush_r
                0x00000000080045ac                fflush
 .text          0x000000000800462c      0x230 /usr/lib/gcc/arm-none-eabi/12.2.1/../../../arm-none-eabi/lib/thumb/v7-m/nofp/libc_nano.a(lib_a-findfp.o)
                0x0000000008004630                _cleanup_r
                0x0000000008004640                __sfmoreglue
                0x0000000008004670                __sfp
                0x0000000008004808                _cleanup
                0x000000000800481c                __sinit
                0x0000000008004824                __sfp_lock_acquire
                0x0000000008004828                __sfp_lock_release
                0x000000000800482c                __sinit_lock_acquire
                0x0000000008004830                __sinit_lock_release
                0x0000000008004834                __fp_lock_all
                0x0000000008004848                __fp_unlock_all
 .text          0x000000000800485c       0x88 /usr/lib/gcc/arm-none-eabi/12.2.1/../../../arm-none-eabi/lib/thumb/v7-m/nofp/libc_nano.a(lib_a-fwalk.o)
                0x000000000800485c                _fwalk
                0x000000000800489c                _fwalk_reent
 .text          0x00000000080048e4       0x48 /usr/lib/gcc/arm-none-eabi/12.2.1/../../../arm-none-eabi/lib/thumb/v7-m/nofp/libc_nano.a(lib_a-init.o)
                0x00000000080048e4                __libc_init_array
 .text          0x000000000800492c       0xec /usr/lib/gcc/arm-none-eabi/12.2.1/../../../arm-none-eabi/lib/thumb/v7-m/nofp/libc_nano.a(lib_a-memcpy.o)
                0x000000000800492c                memcpy
 .text          0x0000000008004a18       0xf8 /usr/lib/gcc/arm-none-eabi/12.2.1/../../../arm-none-eabi/lib/thumb/v7-m/nofp/libc_nano.a(lib_a-memmove.o)
                0x0000000008004a18                memmove
 .text          0x0000000008004b10       0xa4 /usr/lib/gcc/arm-none-eabi/12.2.1/../../../arm-none-eabi/lib/thumb/v7-m/nofp/libc_nano.a(lib_a-memset.o)
                0x0000000008004b10                memset
 .text          0x0000000008004bb4       0xcc /usr/lib/gcc/arm-none-eabi/12.2.1/../../../arm-none-eabi/lib/thumb/v7-m/nofp/libc_nano.a(lib_a-nano-freer.o)
                0x0000000008004bb4                _free_r
 .text          0x0000000008004c80       0xb8 /usr/lib/gcc/arm-none-eabi/12.2.1/../../../arm-none-eabi/lib/thumb/v7-m/nofp/libc_nano.a(lib_a-nano-mallocr.o)
                0x0000000008004c80                _malloc_r
 .text          0x0000000008004d38       0x60 /usr/lib/gcc/arm-none-eabi/12.2.1/../../../arm-none-eabi/lib/thumb/v7-m/nofp/libc_nano.a(lib_a-printf.o)
                0x0000000008004d38                _printf_r
                0x0000000008004d38                _iprintf_r
                0x0000000008004d64                printf
                0x0000000008004d64                iprintf
 .text          0x0000000008004d98       0xe0 /usr/lib/gcc/arm-none-eabi/12.2.1/../../../arm-none-eabi/lib/thumb/v7-m/nofp/libc_nano.a(lib_a-puts.o)
                0x0000000008004d98                _puts_r
                0x0000000008004e68                puts
 .text          0x0000000008004e78       0x80 /usr/lib/gcc/arm-none-eabi/12.2.1/../../../arm-none-eabi/lib/thumb/v7-m/nofp/libc_nano.a(lib_a-sprintf.o)
                0x0000000008004e78                _siprintf_r
                0x0000000008004e78                _sprintf_r
                0x0000000008004eb4                sprintf
                0x0000000008004eb4                siprintf
 .text          0x0000000008004ef8       0x90 /usr/lib/gcc/arm-none-eabi/12.2.1/../../../arm-none-eabi/lib/thumb/v7-m/nofp/libc_nano.a(lib_a-stdio.o)
                0x0000000008004ef8                __sread
                0x0000000008004f1c                __seofread
                0x0000000008004f20                __swrite
                0x0000000008004f60                __sseek
                0x0000000008004f80                __sclose
 .text          0x0000000008004f88       0x5c /usr/lib/gcc/arm-none-eabi/12.2.1/../../../arm-none-eabi/lib/thumb/v7-m/nofp/libc_nano.a(lib_a-strlen-stub.o)
                0x0000000008004f88                strlen
 .text          0x0000000008004fe4       0xc4 /usr/lib/gcc/arm-none-eabi/12.2.1/../../../arm-none-eabi/lib/thumb/v7-m/nofp/libc_nano.a(lib_a-wbuf.o)
                0x0000000008004fe4                __swbuf_r
                0x0000000008005094                __swbuf
 .text          0x00000000080050a8      0x104 /usr/lib/gcc/arm-none-eabi/12.2.1/../../../arm-none-eabi/lib/thumb/v7-m/nofp/libc_nano.a(lib_a-wsetup.o)
                0x00000000080050a8                __swsetup_r
 .text          0x00000000080051ac      0x11c /usr/lib/gcc/arm-none-eabi/12.2.1/../../../arm-none-eabi/lib/thumb/v7-m/nofp/libc_nano.a(lib_a-makebuf.o)
                0x00000000080051ac                __smakebuf_r
                0x000000000800526c                __swhatbuf_r
 .text          0x00000000080052c8        0x8 /usr/lib/gcc/arm-none-eabi/12.2.1/../../../arm-none-eabi/lib/thumb/v7-m/nofp/libc_nano.a(lib_a-mlock.o)
                0x00000000080052c8                __malloc_lock
                0x00000000080052cc                __malloc_unlock
 .text          0x00000000080052d0       0x50 /usr/lib/gcc/arm-none-eabi/12.2.1/../../../arm-none-eabi/lib/thumb/v7-m/nofp/libc_nano.a(lib_a-nano-reallocr.o)
                0x00000000080052d0                _realloc_r
 .text          0x0000000008005320      0x3f4 /usr/lib/gcc/arm-none-eabi/12.2.1/../../../arm-none-eabi/lib/thumb/v7-m/nofp/libc_nano.a(lib_a-nano-svfprintf.o)
                0x0000000008005320                __ssputs_r
                0x00000000080053e4                __ssprint_r
                0x00000000080054e0                _svfprintf_r
                0x00000000080054e0                _svfiprintf_r
 .text          0x0000000008005714      0x320 /usr/lib/gcc/arm-none-eabi/12.2.1/../../../arm-none-eabi/lib/thumb/v7-m/nofp/libc_nano.a(lib_a-nano-vfprintf.o)
                0x000000000800573c                __sfputs_r
                0x000000000800576c                __sprint_r
                0x0000000008005788                _vfiprintf_r
                0x0000000008005788                _vfprintf_r
                0x0000000008005a18                vfiprintf
                0x0000000008005a18                vfprintf
 .text          0x0000000008005a34      0x3d8 /usr/lib/gcc/arm-none-eabi/12.2.1/../../../arm-none-eabi/lib/thumb/v7-m/nofp/libc_nano.a(lib_a-nano-vfprintf_i.o)
                0x0000000008005a34                _printf_common
                0x0000000008005b60                _printf_i
 .text          0x0000000008005e0c      0x2f0 /usr/lib/gcc/arm-none-eabi/12.2.1/../../../arm-none-eabi/lib/thumb/v7-m/nofp/libc_nano.a(lib_a-fvwrite.o)
                0x0000000008005e0c                __sfvwrite_r
 .text          0x00000000080060fc       0x90 /usr/lib/gcc/arm-none-eabi/12.2.1/../../../arm-none-eabi/lib/thumb/v7-m/nofp/libc_nano.a(lib_a-memchr-stub.o)
                0x00000000080060fc                memchr
 .text          0x000000000800618c       0x14 /usr/lib/gcc/arm-none-eabi/12.2.1/../../../arm-none-eabi/lib/thumb/v7-m/nofp/libc_nano.a(lib_a-nano-msizer.o)
                0x000000000800618c                _malloc_usable_size_r
 *(.glue_7t)
 .glue_7t       0x00000000080061a0        0x0 linker stubs
 *(.glue_7)
 .glue_7        0x00000000080061a0        0x0 linker stubs
 *(.rodata .rodata* .gnu.linkonce.r.*)
 .rodata._recv_thread.str1.1
                0x00000000080061a0       0x14 /home/micka/github/campusiot/RIOT-wyres/tests/driver_sx127x/bin/wyres-base/application_test-driver-sx127x/main.o
 .rodata._event_cb.str1.1
                0x00000000080061b4       0xcd /home/micka/github/campusiot/RIOT-wyres/tests/driver_sx127x/bin/wyres-base/application_test-driver-sx127x/main.o
 .rodata.send_cmd.str1.1
                0x0000000008006281       0x60 /home/micka/github/campusiot/RIOT-wyres/tests/driver_sx127x/bin/wyres-base/application_test-driver-sx127x/main.o
 .rodata.init_sx1272_cmd.str1.1
                0x00000000080062e1       0x6a /home/micka/github/campusiot/RIOT-wyres/tests/driver_sx127x/bin/wyres-base/application_test-driver-sx127x/main.o
 .rodata.main.str1.1
                0x000000000800634b       0xa6 /home/micka/github/campusiot/RIOT-wyres/tests/driver_sx127x/bin/wyres-base/application_test-driver-sx127x/main.o
 *fill*         0x00000000080063f1        0x3 
 .rodata.lpsxxx_params
                0x00000000080063f4        0x8 /home/micka/github/campusiot/RIOT-wyres/tests/driver_sx127x/bin/wyres-base/application_test-driver-sx127x/main.o
 .rodata.main_trampoline.str1.1
                0x00000000080063fc       0x3a /home/micka/github/campusiot/RIOT-wyres/tests/driver_sx127x/bin/wyres-base/core_lib/init.o
 .rodata.kernel_init.str1.1
                0x0000000008006436        0x5 /home/micka/github/campusiot/RIOT-wyres/tests/driver_sx127x/bin/wyres-base/core_lib/init.o
 .rodata.core_panic.str1.1
                0x000000000800643b       0x2e /home/micka/github/campusiot/RIOT-wyres/tests/driver_sx127x/bin/wyres-base/core_lib/panic.o
 .rodata.nmi_handler.str1.1
                0x0000000008006469        0xc /home/micka/github/campusiot/RIOT-wyres/tests/driver_sx127x/bin/wyres-base/cortexm_common/vectors_cortexm.o
 .rodata.hard_fault_default.str1.1
                0x0000000008006475       0x13 /home/micka/github/campusiot/RIOT-wyres/tests/driver_sx127x/bin/wyres-base/cortexm_common/vectors_cortexm.o
 .rodata.mem_manage_default.str1.1
                0x0000000008006488       0x13 /home/micka/github/campusiot/RIOT-wyres/tests/driver_sx127x/bin/wyres-base/cortexm_common/vectors_cortexm.o
 .rodata.bus_fault_default.str1.1
                0x000000000800649b       0x12 /home/micka/github/campusiot/RIOT-wyres/tests/driver_sx127x/bin/wyres-base/cortexm_common/vectors_cortexm.o
 .rodata.usage_fault_default.str1.1
                0x00000000080064ad       0x14 /home/micka/github/campusiot/RIOT-wyres/tests/driver_sx127x/bin/wyres-base/cortexm_common/vectors_cortexm.o
 .rodata.debug_mon_default.str1.1
                0x00000000080064c1       0x12 /home/micka/github/campusiot/RIOT-wyres/tests/driver_sx127x/bin/wyres-base/cortexm_common/vectors_cortexm.o
 .rodata.dummy_handler_default.str1.1
                0x00000000080064d3        0xe /home/micka/github/campusiot/RIOT-wyres/tests/driver_sx127x/bin/wyres-base/cortexm_common/vectors_cortexm.o
 .rodata.apbmul
                0x00000000080064e1        0x2 /home/micka/github/campusiot/RIOT-wyres/tests/driver_sx127x/bin/wyres-base/cpu/cpu_common.o
 *fill*         0x00000000080064e3        0x1 
 .rodata.i2c_config
                0x00000000080064e4       0x20 /home/micka/github/campusiot/RIOT-wyres/tests/driver_sx127x/bin/wyres-base/periph/i2c_2.o
 .rodata.spi_config
                0x0000000008006504       0x20 /home/micka/github/campusiot/RIOT-wyres/tests/driver_sx127x/bin/wyres-base/periph/spi.o
 .rodata.timer_config
                0x0000000008006524       0x10 /home/micka/github/campusiot/RIOT-wyres/tests/driver_sx127x/bin/wyres-base/periph/timer.o
 .rodata.uart_config
                0x0000000008006534       0x14 /home/micka/github/campusiot/RIOT-wyres/tests/driver_sx127x/bin/wyres-base/periph/uart.o
 .rodata.CSWTCH.38
                0x0000000008006548       0x18 /home/micka/github/campusiot/RIOT-wyres/tests/driver_sx127x/bin/wyres-base/sx127x/sx127x_getset.o
 .rodata._on_dio1_irq.str1.1
                0x0000000008006560       0x2f /home/micka/github/campusiot/RIOT-wyres/tests/driver_sx127x/bin/wyres-base/sx127x/sx127x_netdev.o
 .rodata._on_dio2_irq.str1.1
                0x000000000800658f       0x2f /home/micka/github/campusiot/RIOT-wyres/tests/driver_sx127x/bin/wyres-base/sx127x/sx127x_netdev.o
 .rodata._on_dio3_irq.str1.1
                0x00000000080065be       0x2f /home/micka/github/campusiot/RIOT-wyres/tests/driver_sx127x/bin/wyres-base/sx127x/sx127x_netdev.o
 *fill*         0x00000000080065ed        0x3 
 .rodata.sx127x_driver
                0x00000000080065f0       0x1c /home/micka/github/campusiot/RIOT-wyres/tests/driver_sx127x/bin/wyres-base/sx127x/sx127x_netdev.o
                0x00000000080065f0                sx127x_driver
 .rodata        0x000000000800660c        0x3 /home/micka/github/campusiot/RIOT-wyres/tests/driver_sx127x/bin/wyres-base/sx127x/sx127x.o
 *fill*         0x000000000800660f        0x1 
 .rodata.ztimer_convert_frac_ops
                0x0000000008006610        0xc /home/micka/github/campusiot/RIOT-wyres/tests/driver_sx127x/bin/wyres-base/ztimer_core/convert_frac.o
 .rodata.ZTIMER_MSEC
                0x000000000800661c        0x4 /home/micka/github/campusiot/RIOT-wyres/tests/driver_sx127x/bin/wyres-base/ztimer_core/init.o
                0x000000000800661c                ZTIMER_MSEC
 .rodata._ztimer_periph_timer_ops
                0x0000000008006620        0xc /home/micka/github/campusiot/RIOT-wyres/tests/driver_sx127x/bin/wyres-base/ztimer_core/periph_timer.o
 .rodata        0x000000000800662c       0x60 /usr/lib/gcc/arm-none-eabi/12.2.1/../../../arm-none-eabi/lib/thumb/v7-m/nofp/libc_nano.a(lib_a-findfp.o)
                0x000000000800662c                __sf_fake_stderr
                0x000000000800664c                __sf_fake_stdout
                0x000000000800666c                __sf_fake_stdin
 .rodata        0x000000000800668c        0x4 /usr/lib/gcc/arm-none-eabi/12.2.1/../../../arm-none-eabi/lib/thumb/v7-m/nofp/libc_nano.a(lib_a-impure.o)
                0x000000000800668c                _global_impure_ptr
 .rodata.str1.4
                0x0000000008006690       0x13 /usr/lib/gcc/arm-none-eabi/12.2.1/../../../arm-none-eabi/lib/thumb/v7-m/nofp/libc_nano.a(lib_a-nano-svfprintf.o)
 .rodata.str1.4
                0x00000000080066a3       0x13 /usr/lib/gcc/arm-none-eabi/12.2.1/../../../arm-none-eabi/lib/thumb/v7-m/nofp/libc_nano.a(lib_a-nano-vfprintf.o)
 *fill*         0x00000000080066a3        0x1 
 .rodata.str1.4
                0x00000000080066a4       0x25 /usr/lib/gcc/arm-none-eabi/12.2.1/../../../arm-none-eabi/lib/thumb/v7-m/nofp/libc_nano.a(lib_a-nano-vfprintf_i.o)
 *(SORT_BY_NAME(.roxfa.*))
 *fill*         0x00000000080066c9        0x3 
 .roxfa.auto_init_xfa.0_
                0x00000000080066cc        0x0 /home/micka/github/campusiot/RIOT-wyres/tests/driver_sx127x/bin/wyres-base/auto_init/auto_init.o
                0x00000000080066cc                auto_init_xfa
 .roxfa.auto_init_xfa.5_1010
                0x00000000080066cc        0x4 /home/micka/github/campusiot/RIOT-wyres/tests/driver_sx127x/bin/wyres-base/auto_init/auto_init.o
                0x00000000080066cc                auto_init_xfa_ztimer_init
 .roxfa.auto_init_xfa.9_
                0x00000000080066d0        0x0 /home/micka/github/campusiot/RIOT-wyres/tests/driver_sx127x/bin/wyres-base/auto_init/auto_init.o
                0x00000000080066d0                auto_init_xfa_end
 *(.ARM.extab* .gnu.linkonce.armextab.*)
                0x00000000080066d0                . = ALIGN (0x4)
 *(.init)
                0x00000000080066d0                . = ALIGN (0x4)
                0x00000000080066d0                __preinit_array_start = .
 *(.preinit_array)
                0x00000000080066d0                __preinit_array_end = .
                0x00000000080066d0                . = ALIGN (0x4)
                0x00000000080066d0                __init_array_start = .
 *(SORT_BY_NAME(.init_array.*))
 *(.init_array)
                0x00000000080066d0                __init_array_end = .
                0x00000000080066d0                . = ALIGN (0x4)
 *crtbegin.o(.ctors)
 *(EXCLUDE_FILE(*crtend.o) .ctors)
 *(SORT_BY_NAME(.ctors.*))
 *crtend.o(.ctors)
                0x00000000080066d0                . = ALIGN (0x4)
 *(.fini)
                0x00000000080066d0                . = ALIGN (0x4)
                0x00000000080066d0                __fini_array_start = .
 *(.fini_array)
 *(SORT_BY_NAME(.fini_array.*))
                0x00000000080066d0                __fini_array_end = .
 *crtbegin.o(.dtors)
 *(EXCLUDE_FILE(*crtend.o) .dtors)
 *(SORT_BY_NAME(.dtors.*))
 *crtend.o(.dtors)
                0x00000000080066d0                . = ALIGN (0x4)
                0x00000000080066d0                _efixed = .

.vfp11_veneer   0x00000000080066d0        0x0
 .vfp11_veneer  0x00000000080066d0        0x0 linker stubs

.v4_bx          0x00000000080066d0        0x0
 .v4_bx         0x00000000080066d0        0x0 linker stubs

.iplt           0x00000000080066d0        0x0
 .iplt          0x00000000080066d0        0x0 /home/micka/github/campusiot/RIOT-wyres/tests/driver_sx127x/bin/wyres-base/application_test-driver-sx127x/main.o

.igot.plt       0x00000000080066d0        0x0
 .igot.plt      0x00000000080066d0        0x0 /home/micka/github/campusiot/RIOT-wyres/tests/driver_sx127x/bin/wyres-base/application_test-driver-sx127x/main.o

.tdata          0x00000000080066d0        0x0
                0x00000000080066d0                __tdata_start = .
 *(.tdata .tdata.* .gnu.linkonce.td.*)
                0x00000000080066d0                __tdata_end = .
                0x00000000080066d0                __tdata_source = LOADADDR (.tdata)
                0x0000000000000000                __tdata_size = SIZEOF (.tdata)

.tbss           0x00000000080066d0        0x0
 *(.tbss .tbss.* .gnu.linkonce.tb.*)
 *(.tcommon)
                0x00000000080066d0                __tbss_end = .
                0x0000000000000000                __tls_size = (__tbss_end - __tdata_start)
                0x0000000000000000                __tbss_size = (__tls_size - __tdata_size)
                [!provide]                        PROVIDE (__tbss_offset = (ADDR (.tbss) - ADDR (.tdata)))
                [!provide]                        PROVIDE (__tls_align = MAX (ALIGNOF (.tdata), ALIGNOF (.tbss)))
                [!provide]                        PROVIDE (__arm32_tls_tcb_offset = MAX (0x8, __tls_align))
                [!provide]                        PROVIDE (__arm64_tls_tcb_offset = MAX (0x10, __tls_align))
                [!provide]                        PROVIDE (__exidx_start = .)

.ARM.exidx      0x00000000080066d0        0x8
 *(.ARM.exidx* .gnu.linkonce.armexidx.*)
 .ARM.exidx     0x00000000080066d0        0x8 /usr/lib/gcc/arm-none-eabi/12.2.1/thumb/v7-m/nofp/libgcc.a(_udivmoddi4.o)
                [!provide]                        PROVIDE (__exidx_end = .)

.rel.dyn        0x00000000080066d8        0x0
 .rel.iplt      0x00000000080066d8        0x0 /home/micka/github/campusiot/RIOT-wyres/tests/driver_sx127x/bin/wyres-base/application_test-driver-sx127x/main.o
                0x00000000080066d8                . = ALIGN (0x4)

.eh_frame
 *(.eh_frame)
                0x00000000080066d8                . = ALIGN (0x4)
                0x00000000080066d8                _etext = .

.stack          0x0000000020000000      0x400
 *(.puf)
                0x0000000020000000                . = ALIGN (0x8)
                0x0000000020000000                _sstack = .
 *(.isr_stack)
 .isr_stack     0x0000000020000000      0x400 /home/micka/github/campusiot/RIOT-wyres/tests/driver_sx127x/bin/wyres-base/cortexm_common/vectors_cortexm.o
                0x0000000020000000                isr_stack
                0x0000000020000400                . = ALIGN (0x8)
                0x0000000020000400                _estack = .

.relocate       0x0000000020000400       0x9c load address 0x00000000080066d8
                0x0000000020000400                . = ALIGN (0x4)
                0x0000000020000400                _srelocate = .
 *(.ramfunc .ramfunc.*)
 *(.data .data.*)
 .data.heap_top
                0x0000000020000400        0x4 /home/micka/github/campusiot/RIOT-wyres/tests/driver_sx127x/bin/wyres-base/newlib_syscalls_default/syscalls.o
 .data.pm_blocker
                0x0000000020000404        0x4 /home/micka/github/campusiot/RIOT-wyres/tests/driver_sx127x/bin/wyres-base/pm_layered/pm.o
 .data._ztimer_periph_timer
                0x0000000020000408       0x2c /home/micka/github/campusiot/RIOT-wyres/tests/driver_sx127x/bin/wyres-base/ztimer_core/init.o
 .data          0x0000000020000434       0x64 /usr/lib/gcc/arm-none-eabi/12.2.1/../../../arm-none-eabi/lib/thumb/v7-m/nofp/libc_nano.a(lib_a-impure.o)
                0x0000000020000434                _impure_ptr
 *(SORT_BY_NAME(.xfa.*))
 *(.openocd .openocd.*)
 .openocd       0x0000000020000498        0x1 /home/micka/github/campusiot/RIOT-wyres/tests/driver_sx127x/bin/wyres-base/core/sched.o
                0x0000000020000498                max_threads
                0x000000002000049c                . = ALIGN (0x4)
 *fill*         0x0000000020000499        0x3 
                0x000000002000049c                _erelocate = .

.bss            0x000000002000049c      0xcf0 load address 0x0000000008006774
                0x000000002000049c                . = ALIGN (0x4)
                0x000000002000049c                _sbss = .
                0x000000002000049c                _szero = .
 *(.bss .bss.*)
 .bss._msg_q.0  0x000000002000049c       0x80 /home/micka/github/campusiot/RIOT-wyres/tests/driver_sx127x/bin/wyres-base/application_test-driver-sx127x/main.o
 .bss.sx127x    0x000000002000051c       0x78 /home/micka/github/campusiot/RIOT-wyres/tests/driver_sx127x/bin/wyres-base/application_test-driver-sx127x/main.o
 .bss.message   0x0000000020000594       0x20 /home/micka/github/campusiot/RIOT-wyres/tests/driver_sx127x/bin/wyres-base/application_test-driver-sx127x/main.o
 .bss._recv_pid
                0x00000000200005b4        0x2 /home/micka/github/campusiot/RIOT-wyres/tests/driver_sx127x/bin/wyres-base/application_test-driver-sx127x/main.o
 .bss.stack     0x00000000200005b6      0x400 /home/micka/github/campusiot/RIOT-wyres/tests/driver_sx127x/bin/wyres-base/application_test-driver-sx127x/main.o
 .bss.main_stack
                0x00000000200009b6      0x600 /home/micka/github/campusiot/RIOT-wyres/tests/driver_sx127x/bin/wyres-base/core_lib/init.o
 *fill*         0x0000000020000fb6        0x2 
 .bss.crashed   0x0000000020000fb8        0x4 /home/micka/github/campusiot/RIOT-wyres/tests/driver_sx127x/bin/wyres-base/core_lib/panic.o
 .bss.runqueue_bitcache
                0x0000000020000fbc        0x4 /home/micka/github/campusiot/RIOT-wyres/tests/driver_sx127x/bin/wyres-base/core/sched.o
 .bss.sched_runqueues
                0x0000000020000fc0       0x40 /home/micka/github/campusiot/RIOT-wyres/tests/driver_sx127x/bin/wyres-base/core/sched.o
                0x0000000020000fc0                sched_runqueues
 .bss.sched_context_switch_request
                0x0000000020001000        0x4 /home/micka/github/campusiot/RIOT-wyres/tests/driver_sx127x/bin/wyres-base/core/sched.o
                0x0000000020001000                sched_context_switch_request
 .bss.sched_active_thread
                0x0000000020001004        0x4 /home/micka/github/campusiot/RIOT-wyres/tests/driver_sx127x/bin/wyres-base/core/sched.o
                0x0000000020001004                sched_active_thread
 .bss.sched_num_threads
                0x0000000020001008        0x4 /home/micka/github/campusiot/RIOT-wyres/tests/driver_sx127x/bin/wyres-base/core/sched.o
                0x0000000020001008                sched_num_threads
 .bss.sched_threads
                0x000000002000100c       0x84 /home/micka/github/campusiot/RIOT-wyres/tests/driver_sx127x/bin/wyres-base/core/sched.o
                0x000000002000100c                sched_threads
 .bss.sched_active_pid
                0x0000000020001090        0x2 /home/micka/github/campusiot/RIOT-wyres/tests/driver_sx127x/bin/wyres-base/core/sched.o
                0x0000000020001090                sched_active_pid
 *fill*         0x0000000020001092        0x2 
 .bss.isr_ctx   0x0000000020001094       0x80 /home/micka/github/campusiot/RIOT-wyres/tests/driver_sx127x/bin/wyres-base/periph/gpio_all.o
 .bss.locks     0x0000000020001114        0x4 /home/micka/github/campusiot/RIOT-wyres/tests/driver_sx127x/bin/wyres-base/periph/i2c_2.o
 .bss.prescalers
                0x0000000020001118        0x1 /home/micka/github/campusiot/RIOT-wyres/tests/driver_sx127x/bin/wyres-base/periph/spi.o
 *fill*         0x0000000020001119        0x3 
 .bss.clocks    0x000000002000111c        0x4 /home/micka/github/campusiot/RIOT-wyres/tests/driver_sx127x/bin/wyres-base/periph/spi.o
 .bss.locks     0x0000000020001120        0x4 /home/micka/github/campusiot/RIOT-wyres/tests/driver_sx127x/bin/wyres-base/periph/spi.o
 .bss.isr_ctx   0x0000000020001124        0x8 /home/micka/github/campusiot/RIOT-wyres/tests/driver_sx127x/bin/wyres-base/periph/timer.o
 .bss.isr_ctx   0x000000002000112c        0xc /home/micka/github/campusiot/RIOT-wyres/tests/driver_sx127x/bin/wyres-base/periph/uart.o
 .bss._ztimer_convert_frac_msec
                0x0000000020001138       0x4c /home/micka/github/campusiot/RIOT-wyres/tests/driver_sx127x/bin/wyres-base/ztimer_core/init.o
 .bss           0x0000000020001184        0x8 /usr/lib/gcc/arm-none-eabi/12.2.1/../../../arm-none-eabi/lib/thumb/v7-m/nofp/libc_nano.a(lib_a-nano-mallocr.o)
                0x0000000020001184                __malloc_free_list
                0x0000000020001188                __malloc_sbrk_start
 *(COMMON)
                0x000000002000118c                . = ALIGN (0x4)
                0x000000002000118c                _ebss = .
                0x000000002000118c                _ezero = .

.noinit         0x000000002000118c        0x0 load address 0x0000000008006774
                0x000000002000118c                __noinit_start = .
 *(.noinit)
                0x000000002000118c                . = ALIGN (0x4)
                0x000000002000118c                __noinit_end = .
                0x000000002000118c                . = ALIGN (0x4)
                0x000000002000118c                _sheap = .
                0x0000000020008000                _eheap = (ORIGIN (ram) + LENGTH (ram))
                0x0000000020000000                _sram = ORIGIN (ram)
                0x0000000020008000                _eram = (ORIGIN (ram) + LENGTH (ram))
                0x0000000008000000                _srom = ORIGIN (rom)
                0x0000000008040000                _erom = (ORIGIN (rom) + LENGTH (rom))
                0x0000000008006774                _sbackup_data_load = LOADADDR (.backup.data)

.backup.data    0x0000000000000000        0x0 load address 0x0000000008006774
                0x0000000000000000                _sbackup_data = .
 *(.backup.data)
                0x0000000000000000                _ebackup_data = .
                0x0000000000000000                . = ALIGN (0x4)

.backup.bss     0x0000000000000000        0x0 load address 0x0000000008006774
                0x0000000000000000                _sbackup_bss = .
 *(.backup.bss)
                0x0000000000000000                _ebackup_bss = .
                0x0000000000000000                . = ALIGN (0x4)

.heap3          0x0000000000000000        0x0 load address 0x0000000008006774
                0x0000000000000000                _sheap1 = .
                0x0000000000000000                _eheap1 = (ORIGIN (bkup_ram) + LENGTH (bkup_ram))

.flash_writable
 *(SORT_BY_NAME(.flash_writable.*))

.end_fw         0x0000000008006774        0x0
                0x0000000008006774                _end_fw = .
OUTPUT(/home/micka/github/campusiot/RIOT-wyres/tests/driver_sx127x/bin/wyres-base/test-driver-sx127x.elf elf32-littlearm)
LOAD linker stubs

.comment        0x0000000000000000       0x59
 .comment       0x0000000000000000       0x26 /home/micka/github/campusiot/RIOT-wyres/tests/driver_sx127x/bin/wyres-base/application_test-driver-sx127x/main.o
                                         0x27 (size before relaxing)
 .comment       0x0000000000000026       0x27 /home/micka/github/campusiot/RIOT-wyres/tests/driver_sx127x/bin/wyres-base/auto_init/auto_init.o
 .comment       0x0000000000000026       0x27 /home/micka/github/campusiot/RIOT-wyres/tests/driver_sx127x/bin/wyres-base/board/board.o
 .comment       0x0000000000000026       0x27 /home/micka/github/campusiot/RIOT-wyres/tests/driver_sx127x/bin/wyres-base/core_lib/init.o
 .comment       0x0000000000000026       0x27 /home/micka/github/campusiot/RIOT-wyres/tests/driver_sx127x/bin/wyres-base/core_lib/panic.o
 .comment       0x0000000000000026       0x27 /home/micka/github/campusiot/RIOT-wyres/tests/driver_sx127x/bin/wyres-base/core/msg.o
 .comment       0x0000000000000026       0x27 /home/micka/github/campusiot/RIOT-wyres/tests/driver_sx127x/bin/wyres-base/core/mutex.o
 .comment       0x0000000000000026       0x27 /home/micka/github/campusiot/RIOT-wyres/tests/driver_sx127x/bin/wyres-base/core/sched.o
 .comment       0x0000000000000026       0x27 /home/micka/github/campusiot/RIOT-wyres/tests/driver_sx127x/bin/wyres-base/core/thread.o
 .comment       0x0000000000000026       0x27 /home/micka/github/campusiot/RIOT-wyres/tests/driver_sx127x/bin/wyres-base/cortexm_common/cortexm_init.o
 .comment       0x0000000000000026       0x27 /home/micka/github/campusiot/RIOT-wyres/tests/driver_sx127x/bin/wyres-base/cortexm_common/panic.o
 .comment       0x0000000000000026       0x27 /home/micka/github/campusiot/RIOT-wyres/tests/driver_sx127x/bin/wyres-base/cortexm_common_periph/pm.o
 .comment       0x0000000000000026       0x27 /home/micka/github/campusiot/RIOT-wyres/tests/driver_sx127x/bin/wyres-base/cortexm_common/thread_arch.o
 .comment       0x0000000000000026       0x27 /home/micka/github/campusiot/RIOT-wyres/tests/driver_sx127x/bin/wyres-base/cortexm_common/vectors_cortexm.o
 .comment       0x0000000000000026       0x27 /home/micka/github/campusiot/RIOT-wyres/tests/driver_sx127x/bin/wyres-base/cpu/cpu_common.o
 .comment       0x0000000000000026       0x27 /home/micka/github/campusiot/RIOT-wyres/tests/driver_sx127x/bin/wyres-base/cpu/cpu_init.o
 .comment       0x0000000000000026       0x27 /home/micka/github/campusiot/RIOT-wyres/tests/driver_sx127x/bin/wyres-base/frac/frac.o